Archive member included to satisfy reference by file (symbol)

c:/st/stm32cubeide_1.6.0/stm32cubeide/plugins/com.st.stm32cube.ide.mcu.externaltools.gnu-tools-for-stm32.9-2020-q2-update.win32_1.5.0.202011040924/tools/bin/../lib/gcc/arm-none-eabi/9.3.1/../../../../arm-none-eabi/lib/thumb/v6-m/nofp\libc_nano.a(lib_a-calloc.o)
                              Core/Src/LibSWD/libswd_core.o (calloc)
c:/st/stm32cubeide_1.6.0/stm32cubeide/plugins/com.st.stm32cube.ide.mcu.externaltools.gnu-tools-for-stm32.9-2020-q2-update.win32_1.5.0.202011040924/tools/bin/../lib/gcc/arm-none-eabi/9.3.1/../../../../arm-none-eabi/lib/thumb/v6-m/nofp\libc_nano.a(lib_a-errno.o)
                              Core/Src/syscalls.o (__errno)
c:/st/stm32cubeide_1.6.0/stm32cubeide/plugins/com.st.stm32cube.ide.mcu.externaltools.gnu-tools-for-stm32.9-2020-q2-update.win32_1.5.0.202011040924/tools/bin/../lib/gcc/arm-none-eabi/9.3.1/../../../../arm-none-eabi/lib/thumb/v6-m/nofp\libc_nano.a(lib_a-exit.o)
                              c:/st/stm32cubeide_1.6.0/stm32cubeide/plugins/com.st.stm32cube.ide.mcu.externaltools.gnu-tools-for-stm32.9-2020-q2-update.win32_1.5.0.202011040924/tools/bin/../lib/gcc/arm-none-eabi/9.3.1/../../../../arm-none-eabi/lib/thumb/v6-m/nofp/crt0.o (exit)
c:/st/stm32cubeide_1.6.0/stm32cubeide/plugins/com.st.stm32cube.ide.mcu.externaltools.gnu-tools-for-stm32.9-2020-q2-update.win32_1.5.0.202011040924/tools/bin/../lib/gcc/arm-none-eabi/9.3.1/../../../../arm-none-eabi/lib/thumb/v6-m/nofp\libc_nano.a(lib_a-fflush.o)
                              Core/Src/LibSWD/libswd_memap.o (fflush)
c:/st/stm32cubeide_1.6.0/stm32cubeide/plugins/com.st.stm32cube.ide.mcu.externaltools.gnu-tools-for-stm32.9-2020-q2-update.win32_1.5.0.202011040924/tools/bin/../lib/gcc/arm-none-eabi/9.3.1/../../../../arm-none-eabi/lib/thumb/v6-m/nofp\libc_nano.a(lib_a-findfp.o)
                              c:/st/stm32cubeide_1.6.0/stm32cubeide/plugins/com.st.stm32cube.ide.mcu.externaltools.gnu-tools-for-stm32.9-2020-q2-update.win32_1.5.0.202011040924/tools/bin/../lib/gcc/arm-none-eabi/9.3.1/../../../../arm-none-eabi/lib/thumb/v6-m/nofp\libc_nano.a(lib_a-fflush.o) (__sinit)
c:/st/stm32cubeide_1.6.0/stm32cubeide/plugins/com.st.stm32cube.ide.mcu.externaltools.gnu-tools-for-stm32.9-2020-q2-update.win32_1.5.0.202011040924/tools/bin/../lib/gcc/arm-none-eabi/9.3.1/../../../../arm-none-eabi/lib/thumb/v6-m/nofp\libc_nano.a(lib_a-fwalk.o)
                              c:/st/stm32cubeide_1.6.0/stm32cubeide/plugins/com.st.stm32cube.ide.mcu.externaltools.gnu-tools-for-stm32.9-2020-q2-update.win32_1.5.0.202011040924/tools/bin/../lib/gcc/arm-none-eabi/9.3.1/../../../../arm-none-eabi/lib/thumb/v6-m/nofp\libc_nano.a(lib_a-findfp.o) (_fwalk)
c:/st/stm32cubeide_1.6.0/stm32cubeide/plugins/com.st.stm32cube.ide.mcu.externaltools.gnu-tools-for-stm32.9-2020-q2-update.win32_1.5.0.202011040924/tools/bin/../lib/gcc/arm-none-eabi/9.3.1/../../../../arm-none-eabi/lib/thumb/v6-m/nofp\libc_nano.a(lib_a-impure.o)
                              c:/st/stm32cubeide_1.6.0/stm32cubeide/plugins/com.st.stm32cube.ide.mcu.externaltools.gnu-tools-for-stm32.9-2020-q2-update.win32_1.5.0.202011040924/tools/bin/../lib/gcc/arm-none-eabi/9.3.1/../../../../arm-none-eabi/lib/thumb/v6-m/nofp\libc_nano.a(lib_a-exit.o) (_global_impure_ptr)
c:/st/stm32cubeide_1.6.0/stm32cubeide/plugins/com.st.stm32cube.ide.mcu.externaltools.gnu-tools-for-stm32.9-2020-q2-update.win32_1.5.0.202011040924/tools/bin/../lib/gcc/arm-none-eabi/9.3.1/../../../../arm-none-eabi/lib/thumb/v6-m/nofp\libc_nano.a(lib_a-init.o)
                              c:/st/stm32cubeide_1.6.0/stm32cubeide/plugins/com.st.stm32cube.ide.mcu.externaltools.gnu-tools-for-stm32.9-2020-q2-update.win32_1.5.0.202011040924/tools/bin/../lib/gcc/arm-none-eabi/9.3.1/../../../../arm-none-eabi/lib/thumb/v6-m/nofp/crt0.o (__libc_init_array)
c:/st/stm32cubeide_1.6.0/stm32cubeide/plugins/com.st.stm32cube.ide.mcu.externaltools.gnu-tools-for-stm32.9-2020-q2-update.win32_1.5.0.202011040924/tools/bin/../lib/gcc/arm-none-eabi/9.3.1/../../../../arm-none-eabi/lib/thumb/v6-m/nofp\libc_nano.a(lib_a-lock.o)
                              c:/st/stm32cubeide_1.6.0/stm32cubeide/plugins/com.st.stm32cube.ide.mcu.externaltools.gnu-tools-for-stm32.9-2020-q2-update.win32_1.5.0.202011040924/tools/bin/../lib/gcc/arm-none-eabi/9.3.1/../../../../arm-none-eabi/lib/thumb/v6-m/nofp\libc_nano.a(lib_a-findfp.o) (__retarget_lock_init_recursive)
c:/st/stm32cubeide_1.6.0/stm32cubeide/plugins/com.st.stm32cube.ide.mcu.externaltools.gnu-tools-for-stm32.9-2020-q2-update.win32_1.5.0.202011040924/tools/bin/../lib/gcc/arm-none-eabi/9.3.1/../../../../arm-none-eabi/lib/thumb/v6-m/nofp\libc_nano.a(lib_a-malloc.o)
                              Core/Src/LibSWD/libswd_core.o (free)
[...]
Memory Configuration

Name             Origin             Length             Attributes
RAM              0x0000000020000000 0x0000000000005000 xrw
FLASH            0x0000000008000000 0x0000000000030000 xr
*default*        0x0000000000000000 0xffffffffffffffff

Linker script and memory map

LOAD c:/st/stm32cubeide_1.6.0/stm32cubeide/plugins/com.st.stm32cube.ide.mcu.externaltools.gnu-tools-for-stm32.9-2020-q2-update.win32_1.5.0.202011040924/tools/bin/../lib/gcc/arm-none-eabi/9.3.1/thumb/v6-m/nofp/crti.o
LOAD c:/st/stm32cubeide_1.6.0/stm32cubeide/plugins/com.st.stm32cube.ide.mcu.externaltools.gnu-tools-for-stm32.9-2020-q2-update.win32_1.5.0.202011040924/tools/bin/../lib/gcc/arm-none-eabi/9.3.1/thumb/v6-m/nofp/crtbegin.o
LOAD c:/st/stm32cubeide_1.6.0/stm32cubeide/plugins/com.st.stm32cube.ide.mcu.externaltools.gnu-tools-for-stm32.9-2020-q2-update.win32_1.5.0.202011040924/tools/bin/../lib/gcc/arm-none-eabi/9.3.1/../../../../arm-none-eabi/lib/thumb/v6-m/nofp/crt0.o
LOAD Core/Src/LibSWD/libswd_bin.o
LOAD Core/Src/LibSWD/libswd_bitgen.o
LOAD Core/Src/LibSWD/libswd_bus.o
LOAD Core/Src/LibSWD/libswd_cmd.o
LOAD Core/Src/LibSWD/libswd_cmdq.o
LOAD Core/Src/LibSWD/libswd_core.o
LOAD Core/Src/LibSWD/libswd_dap.o
LOAD Core/Src/LibSWD/libswd_debug.o
LOAD Core/Src/LibSWD/libswd_drv.o
LOAD Core/Src/LibSWD/libswd_error.o
LOAD Core/Src/LibSWD/libswd_externs.o
LOAD Core/Src/LibSWD/libswd_log.o
LOAD Core/Src/LibSWD/libswd_memap.o
LOAD Core/Src/main.o
LOAD Core/Src/program1.o
LOAD Core/Src/program2.o
LOAD Core/Src/stm32l0.o
LOAD Core/Src/stm32l0xx_hal_msp.o
LOAD Core/Src/stm32l0xx_it.o
LOAD Core/Src/syscalls.o
LOAD Core/Src/sysmem.o
LOAD Core/Src/system_stm32l0xx.o
LOAD Core/Startup/startup_stm32l073rztx.o
LOAD Drivers/STM32L0xx_HAL_Driver/Src/stm32l0xx_hal.o
LOAD Drivers/STM32L0xx_HAL_Driver/Src/stm32l0xx_hal_cortex.o
LOAD Drivers/STM32L0xx_HAL_Driver/Src/stm32l0xx_hal_dma.o
LOAD Drivers/STM32L0xx_HAL_Driver/Src/stm32l0xx_hal_exti.o
LOAD Drivers/STM32L0xx_HAL_Driver/Src/stm32l0xx_hal_flash.o
LOAD Drivers/STM32L0xx_HAL_Driver/Src/stm32l0xx_hal_flash_ex.o
LOAD Drivers/STM32L0xx_HAL_Driver/Src/stm32l0xx_hal_flash_ramfunc.o
LOAD Drivers/STM32L0xx_HAL_Driver/Src/stm32l0xx_hal_gpio.o
LOAD Drivers/STM32L0xx_HAL_Driver/Src/stm32l0xx_hal_i2c.o
LOAD Drivers/STM32L0xx_HAL_Driver/Src/stm32l0xx_hal_i2c_ex.o
LOAD Drivers/STM32L0xx_HAL_Driver/Src/stm32l0xx_hal_pwr.o
LOAD Drivers/STM32L0xx_HAL_Driver/Src/stm32l0xx_hal_pwr_ex.o
LOAD Drivers/STM32L0xx_HAL_Driver/Src/stm32l0xx_hal_rcc.o
LOAD Drivers/STM32L0xx_HAL_Driver/Src/stm32l0xx_hal_rcc_ex.o
LOAD Drivers/STM32L0xx_HAL_Driver/Src/stm32l0xx_hal_tim.o
LOAD Drivers/STM32L0xx_HAL_Driver/Src/stm32l0xx_hal_tim_ex.o
START GROUP
LOAD c:/st/stm32cubeide_1.6.0/stm32cubeide/plugins/com.st.stm32cube.ide.mcu.externaltools.gnu-tools-for-stm32.9-2020-q2-update.win32_1.5.0.202011040924/tools/bin/../lib/gcc/arm-none-eabi/9.3.1/../../../../arm-none-eabi/lib/thumb/v6-m/nofp\libc_nano.a
LOAD c:/st/stm32cubeide_1.6.0/stm32cubeide/plugins/com.st.stm32cube.ide.mcu.externaltools.gnu-tools-for-stm32.9-2020-q2-update.win32_1.5.0.202011040924/tools/bin/../lib/gcc/arm-none-eabi/9.3.1/../../../../arm-none-eabi/lib/thumb/v6-m/nofp\libm.a
END GROUP
START GROUP
LOAD c:/st/stm32cubeide_1.6.0/stm32cubeide/plugins/com.st.stm32cube.ide.mcu.externaltools.gnu-tools-for-stm32.9-2020-q2-update.win32_1.5.0.202011040924/tools/bin/../lib/gcc/arm-none-eabi/9.3.1/thumb/v6-m/nofp\libgcc.a
LOAD c:/st/stm32cubeide_1.6.0/stm32cubeide/plugins/com.st.stm32cube.ide.mcu.externaltools.gnu-tools-for-stm32.9-2020-q2-update.win32_1.5.0.202011040924/tools/bin/../lib/gcc/arm-none-eabi/9.3.1/../../../../arm-none-eabi/lib/thumb/v6-m/nofp\libc_nano.a
END GROUP
START GROUP
LOAD c:/st/stm32cubeide_1.6.0/stm32cubeide/plugins/com.st.stm32cube.ide.mcu.externaltools.gnu-tools-for-stm32.9-2020-q2-update.win32_1.5.0.202011040924/tools/bin/../lib/gcc/arm-none-eabi/9.3.1/thumb/v6-m/nofp\libgcc.a
LOAD c:/st/stm32cubeide_1.6.0/stm32cubeide/plugins/com.st.stm32cube.ide.mcu.externaltools.gnu-tools-for-stm32.9-2020-q2-update.win32_1.5.0.202011040924/tools/bin/../lib/gcc/arm-none-eabi/9.3.1/../../../../arm-none-eabi/lib/thumb/v6-m/nofp\libc_nano.a
LOAD c:/st/stm32cubeide_1.6.0/stm32cubeide/plugins/com.st.stm32cube.ide.mcu.externaltools.gnu-tools-for-stm32.9-2020-q2-update.win32_1.5.0.202011040924/tools/bin/../lib/gcc/arm-none-eabi/9.3.1/../../../../arm-none-eabi/lib/thumb/v6-m/nofp\libnosys.a
END GROUP
START GROUP
LOAD c:/st/stm32cubeide_1.6.0/stm32cubeide/plugins/com.st.stm32cube.ide.mcu.externaltools.gnu-tools-for-stm32.9-2020-q2-update.win32_1.5.0.202011040924/tools/bin/../lib/gcc/arm-none-eabi/9.3.1/thumb/v6-m/nofp\libgcc.a
LOAD c:/st/stm32cubeide_1.6.0/stm32cubeide/plugins/com.st.stm32cube.ide.mcu.externaltools.gnu-tools-for-stm32.9-2020-q2-update.win32_1.5.0.202011040924/tools/bin/../lib/gcc/arm-none-eabi/9.3.1/../../../../arm-none-eabi/lib/thumb/v6-m/nofp\libc_nano.a
LOAD c:/st/stm32cubeide_1.6.0/stm32cubeide/plugins/com.st.stm32cube.ide.mcu.externaltools.gnu-tools-for-stm32.9-2020-q2-update.win32_1.5.0.202011040924/tools/bin/../lib/gcc/arm-none-eabi/9.3.1/../../../../arm-none-eabi/lib/thumb/v6-m/nofp\libnosys.a
END GROUP
LOAD c:/st/stm32cubeide_1.6.0/stm32cubeide/plugins/com.st.stm32cube.ide.mcu.externaltools.gnu-tools-for-stm32.9-2020-q2-update.win32_1.5.0.202011040924/tools/bin/../lib/gcc/arm-none-eabi/9.3.1/thumb/v6-m/nofp/crtend.o
LOAD c:/st/stm32cubeide_1.6.0/stm32cubeide/plugins/com.st.stm32cube.ide.mcu.externaltools.gnu-tools-for-stm32.9-2020-q2-update.win32_1.5.0.202011040924/tools/bin/../lib/gcc/arm-none-eabi/9.3.1/thumb/v6-m/nofp/crtn.o
                0x0000000020005000                _estack = (ORIGIN (RAM) + LENGTH (RAM))
                0x0000000000000200                _Min_Heap_Size = 0x200
                0x0000000000000400                _Min_Stack_Size = 0x400

.isr_vector     0x0000000008000000       0xc0
                0x0000000008000000                . = ALIGN (0x4)
 *(.isr_vector)
 .isr_vector    0x0000000008000000       0xc0 Core/Startup/startup_stm32l073rztx.o
                0x0000000008000000                g_pfnVectors
                0x00000000080000c0                . = ALIGN (0x4)

.text           0x00000000080000c0     0x8e98
                0x00000000080000c0                . = ALIGN (0x4)
 *(.text)
 .text          0x00000000080000c0       0x48 c:/st/stm32cubeide_1.6.0/stm32cubeide/plugins/com.st.stm32cube.ide.mcu.externaltools.gnu-tools-for-stm32.9-2020-q2-update.win32_1.5.0.202011040924/tools/bin/../lib/gcc/arm-none-eabi/9.3.1/thumb/v6-m/nofp/crtbegin.o
 .text          0x0000000008000108        0xe c:/st/stm32cubeide_1.6.0/stm32cubeide/plugins/com.st.stm32cube.ide.mcu.externaltools.gnu-tools-for-stm32.9-2020-q2-update.win32_1.5.0.202011040924/tools/bin/../lib/gcc/arm-none-eabi/9.3.1/../../../../arm-none-eabi/lib/thumb/v6-m/nofp\libc_nano.a(lib_a-strlen.o)
                0x0000000008000108                strlen
 *fill*         0x0000000008000116        0x2 
 .text          0x0000000008000118       0x14 c:/st/stm32cubeide_1.6.0/stm32cubeide/plugins/com.st.stm32cube.ide.mcu.externaltools.gnu-tools-for-stm32.9-2020-q2-update.win32_1.5.0.202011040924/tools/bin/../lib/gcc/arm-none-eabi/9.3.1/thumb/v6-m/nofp\libgcc.a(_thumb1_case_shi.o)
                0x0000000008000118                __gnu_thumb1_case_shi
 .text          0x000000000800012c      0x114 c:/st/stm32cubeide_1.6.0/stm32cubeide/plugins/com.st.stm32cube.ide.mcu.externaltools.gnu-tools-for-stm32.9-2020-q2-update.win32_1.5.0.202011040924/tools/bin/../lib/gcc/arm-none-eabi/9.3.1/thumb/v6-m/nofp\libgcc.a(_udivsi3.o)
                0x000000000800012c                __aeabi_uidiv
                0x000000000800012c                __udivsi3
                0x0000000008000238                __aeabi_uidivmod
 .text          0x0000000008000240        0x4 c:/st/stm32cubeide_1.6.0/stm32cubeide/plugins/com.st.stm32cube.ide.mcu.externaltools.gnu-tools-for-stm32.9-2020-q2-update.win32_1.5.0.202011040924/tools/bin/../lib/gcc/arm-none-eabi/9.3.1/thumb/v6-m/nofp\libgcc.a(_dvmd_tls.o)
                0x0000000008000240                __aeabi_idiv0
                0x0000000008000240                __aeabi_ldiv0
 .text          0x0000000008000244       0x40 c:/st/stm32cubeide_1.6.0/stm32cubeide/plugins/com.st.stm32cube.ide.mcu.externaltools.gnu-tools-for-stm32.9-2020-q2-update.win32_1.5.0.202011040924/tools/bin/../lib/gcc/arm-none-eabi/9.3.1/thumb/v6-m/nofp\libgcc.a(_aeabi_uldivmod.o)
                0x0000000008000244                __aeabi_uldivmod
 .text          0x0000000008000284       0x50 c:/st/stm32cubeide_1.6.0/stm32cubeide/plugins/com.st.stm32cube.ide.mcu.externaltools.gnu-tools-for-stm32.9-2020-q2-update.win32_1.5.0.202011040924/tools/bin/../lib/gcc/arm-none-eabi/9.3.1/thumb/v6-m/nofp\libgcc.a(_muldi3.o)
                0x0000000008000284                __muldi3
                0x0000000008000284                __aeabi_lmul
 .text          0x00000000080002d4      0x198 c:/st/stm32cubeide_1.6.0/stm32cubeide/plugins/com.st.stm32cube.ide.mcu.externaltools.gnu-tools-for-stm32.9-2020-q2-update.win32_1.5.0.202011040924/tools/bin/../lib/gcc/arm-none-eabi/9.3.1/thumb/v6-m/nofp\libgcc.a(_udivmoddi4.o)
                0x00000000080002d4                __udivmoddi4
 .text          0x000000000800046c       0x18 c:/st/stm32cubeide_1.6.0/stm32cubeide/plugins/com.st.stm32cube.ide.mcu.externaltools.gnu-tools-for-stm32.9-2020-q2-update.win32_1.5.0.202011040924/tools/bin/../lib/gcc/arm-none-eabi/9.3.1/thumb/v6-m/nofp\libgcc.a(_clzdi2.o)
                0x000000000800046c                __clzdi2
 .text          0x0000000008000484       0x3c c:/st/stm32cubeide_1.6.0/stm32cubeide/plugins/com.st.stm32cube.ide.mcu.externaltools.gnu-tools-for-stm32.9-2020-q2-update.win32_1.5.0.202011040924/tools/bin/../lib/gcc/arm-none-eabi/9.3.1/thumb/v6-m/nofp\libgcc.a(_clzsi2.o)
                0x0000000008000484                __clzsi2
 *(.text*)
 .text.libswd_bin8_parity_even
                0x00000000080004c0       0x7e Core/Src/LibSWD/libswd_bin.o
                0x00000000080004c0                libswd_bin8_parity_even
 .text.libswd_bin32_parity_even
                0x000000000800053e       0x5c Core/Src/LibSWD/libswd_bin.o
                0x000000000800053e                libswd_bin32_parity_even
 *fill*         0x000000000800059a        0x2 
 .text.libswd_bin8_string
                0x000000000800059c       0x74 Core/Src/LibSWD/libswd_bin.o
                0x000000000800059c                libswd_bin8_string
 .text.libswd_bin32_string
                0x0000000008000610       0x54 Core/Src/LibSWD/libswd_bin.o
                0x0000000008000610                libswd_bin32_string
 .text.libswd_bitgen8_request
                0x0000000008000664      0x148 Core/Src/LibSWD/libswd_bitgen.o
                0x0000000008000664                libswd_bitgen8_request
 .text.libswd_bus_setdir_mosi
                0x00000000080007ac       0x68 Core/Src/LibSWD/libswd_bus.o
                0x00000000080007ac                libswd_bus_setdir_mosi
 .text.libswd_bus_setdir_miso
                0x0000000008000814       0x68 Core/Src/LibSWD/libswd_bus.o
                0x0000000008000814                libswd_bus_setdir_miso
 .text.libswd_bus_write_request_raw
                0x000000000800087c       0xd6 Core/Src/LibSWD/libswd_bus.o
                0x000000000800087c                libswd_bus_write_request_raw
 .text.libswd_bus_write_request
                0x0000000008000952      0x128 Core/Src/LibSWD/libswd_bus.o
                0x0000000008000952                libswd_bus_write_request
 .text.libswd_bus_read_ack
                0x0000000008000a7a      0x16e Core/Src/LibSWD/libswd_bus.o
                0x0000000008000a7a                libswd_bus_read_ack
 .text.libswd_bus_write_data_p
                0x0000000008000be8       0xd2 Core/Src/LibSWD/libswd_bus.o
                0x0000000008000be8                libswd_bus_write_data_p
 .text.libswd_bus_write_data_ap
                0x0000000008000cba       0xc2 Core/Src/LibSWD/libswd_bus.o
                0x0000000008000cba                libswd_bus_write_data_ap
 .text.libswd_bus_read_data_p
                0x0000000008000d7c      0x154 Core/Src/LibSWD/libswd_bus.o
                0x0000000008000d7c                libswd_bus_read_data_p
 .text.libswd_cmd_enqueue
                0x0000000008000ed0       0x38 Core/Src/LibSWD/libswd_cmd.o
                0x0000000008000ed0                libswd_cmd_enqueue
 .text.libswd_cmd_enqueue_mosi_request
                0x0000000008000f08       0x54 Core/Src/LibSWD/libswd_cmd.o
                0x0000000008000f08                libswd_cmd_enqueue_mosi_request
 .text.libswd_cmd_enqueue_mosi_trn
                0x0000000008000f5c       0x4e Core/Src/LibSWD/libswd_cmd.o
                0x0000000008000f5c                libswd_cmd_enqueue_mosi_trn
 .text.libswd_cmd_enqueue_miso_trn
                0x0000000008000faa       0x4e Core/Src/LibSWD/libswd_cmd.o
                0x0000000008000faa                libswd_cmd_enqueue_miso_trn
 .text.libswd_cmd_enqueue_mosi_parity
                0x0000000008000ff8       0x6a Core/Src/LibSWD/libswd_cmd.o
                0x0000000008000ff8                libswd_cmd_enqueue_mosi_parity
 .text.libswd_cmd_enqueue_miso_parity
                0x0000000008001062       0x4e Core/Src/LibSWD/libswd_cmd.o
                0x0000000008001062                libswd_cmd_enqueue_miso_parity
 .text.libswd_cmd_enqueue_miso_data
                0x00000000080010b0       0x4e Core/Src/LibSWD/libswd_cmd.o
                0x00000000080010b0                libswd_cmd_enqueue_miso_data
 .text.libswd_cmd_enqueue_miso_data_p
                0x00000000080010fe       0x6a Core/Src/LibSWD/libswd_cmd.o
                0x00000000080010fe                libswd_cmd_enqueue_miso_data_p
 .text.libswd_cmd_enqueue_mosi_data
                0x0000000008001168       0x4e Core/Src/LibSWD/libswd_cmd.o
                0x0000000008001168                libswd_cmd_enqueue_mosi_data
 .text.libswd_cmd_enqueue_mosi_data_ap
                0x00000000080011b6       0x80 Core/Src/LibSWD/libswd_cmd.o
                0x00000000080011b6                libswd_cmd_enqueue_mosi_data_ap
 .text.libswd_cmd_enqueue_mosi_data_p
                0x0000000008001236       0x66 Core/Src/LibSWD/libswd_cmd.o
                0x0000000008001236                libswd_cmd_enqueue_mosi_data_p
 .text.libswd_cmd_enqueue_miso_ack
                0x000000000800129c       0x4e Core/Src/LibSWD/libswd_cmd.o
                0x000000000800129c                libswd_cmd_enqueue_miso_ack
 .text.libswd_cmd_enqueue_mosi_control
                0x00000000080012ea       0xc2 Core/Src/LibSWD/libswd_cmd.o
                0x00000000080012ea                libswd_cmd_enqueue_mosi_control
 .text.libswd_cmd_enqueue_mosi_dap_reset
                0x00000000080013ac       0x24 Core/Src/LibSWD/libswd_cmd.o
                0x00000000080013ac                libswd_cmd_enqueue_mosi_dap_reset
 .text.libswd_cmd_enqueue_mosi_jtag2swd
                0x00000000080013d0       0x24 Core/Src/LibSWD/libswd_cmd.o
                0x00000000080013d0                libswd_cmd_enqueue_mosi_jtag2swd
 .text.libswd_cmd_string_cmdtype
                0x00000000080013f4       0xac Core/Src/LibSWD/libswd_cmd.o
                0x00000000080013f4                libswd_cmd_string_cmdtype
 .text.libswd_cmdq_init_main
                0x00000000080014a0       0x40 Core/Src/LibSWD/libswd_cmdq.o
                0x00000000080014a0                libswd_cmdq_init_main
 .text.libswd_cmdq_init_error
                0x00000000080014e0       0x40 Core/Src/LibSWD/libswd_cmdq.o
                0x00000000080014e0                libswd_cmdq_init_error
 .text.libswd_cmdq_find_head
                0x0000000008001520       0x30 Core/Src/LibSWD/libswd_cmdq.o
                0x0000000008001520                libswd_cmdq_find_head
 .text.libswd_cmdq_find_tail
                0x0000000008001550       0x30 Core/Src/LibSWD/libswd_cmdq.o
                0x0000000008001550                libswd_cmdq_find_tail
 .text.libswd_cmdq_find_exectail
                0x0000000008001580       0x6e Core/Src/LibSWD/libswd_cmdq.o
                0x0000000008001580                libswd_cmdq_find_exectail
 *fill*         0x00000000080015ee        0x2 
 .text.libswd_cmdq_get_next_mem_location
                0x00000000080015f0       0xc0 Core/Src/LibSWD/libswd_cmdq.o
                0x00000000080015f0                libswd_cmdq_get_next_mem_location
 .text.libswd_cmdq_append
                0x00000000080016b0       0xa2 Core/Src/LibSWD/libswd_cmdq.o
                0x00000000080016b0                libswd_cmdq_append
 *fill*         0x0000000008001752        0x2 
 .text.libswd_cmdq_free_main_queue
                0x0000000008001754       0x24 Core/Src/LibSWD/libswd_cmdq.o
                0x0000000008001754                libswd_cmdq_free_main_queue
 .text.libswd_cmdq_free_error_queue
                0x0000000008001778       0x24 Core/Src/LibSWD/libswd_cmdq.o
                0x0000000008001778                libswd_cmdq_free_error_queue
 .text.libswd_cmdq_free
                0x000000000800179c       0x2a Core/Src/LibSWD/libswd_cmdq.o
                0x000000000800179c                libswd_cmdq_free
 .text.libswd_cmdq_free_tail
                0x00000000080017c6       0x72 Core/Src/LibSWD/libswd_cmdq.o
                0x00000000080017c6                libswd_cmdq_free_tail
 .text.libswd_cmdq_flush
                0x0000000008001838      0x11c Core/Src/LibSWD/libswd_cmdq.o
                0x0000000008001838                libswd_cmdq_flush
 .text.libswd_init
                0x0000000008001954       0x80 Core/Src/LibSWD/libswd_core.o
                0x0000000008001954                libswd_init
 .text.libswd_deinit_ctx
                0x00000000080019d4       0x26 Core/Src/LibSWD/libswd_core.o
                0x00000000080019d4                libswd_deinit_ctx
 .text.libswd_deinit_cmdq
                0x00000000080019fa       0x30 Core/Src/LibSWD/libswd_core.o
                0x00000000080019fa                libswd_deinit_cmdq
 .text.libswd_deinit
                0x0000000008001a2a       0x4a Core/Src/LibSWD/libswd_core.o
                0x0000000008001a2a                libswd_deinit
 .text.libswd_dap_init
                0x0000000008001a74       0xf0 Core/Src/LibSWD/libswd_dap.o
                0x0000000008001a74                libswd_dap_init
 .text.libswd_dap_setup
                0x0000000008001b64      0x17c Core/Src/LibSWD/libswd_dap.o
                0x0000000008001b64                libswd_dap_setup
 .text.libswd_dap_reset
                0x0000000008001ce0       0xe0 Core/Src/LibSWD/libswd_dap.o
                0x0000000008001ce0                libswd_dap_reset
 .text.libswd_dap_select
                0x0000000008001dc0       0xd0 Core/Src/LibSWD/libswd_dap.o
                0x0000000008001dc0                libswd_dap_select
 .text.libswd_dap_errors_handle
                0x0000000008001e90      0x200 Core/Src/LibSWD/libswd_dap.o
                0x0000000008001e90                libswd_dap_errors_handle
 .text.libswd_dp_read_idcode
                0x0000000008002090      0x1e0 Core/Src/LibSWD/libswd_dap.o
                0x0000000008002090                libswd_dp_read_idcode
 .text.libswd_dap_detect
                0x0000000008002270       0x74 Core/Src/LibSWD/libswd_dap.o
                0x0000000008002270                libswd_dap_detect
 .text.libswd_dp_read
                0x00000000080022e4      0x324 Core/Src/LibSWD/libswd_dap.o
                0x00000000080022e4                libswd_dp_read
 .text.libswd_dp_write
                0x0000000008002608      0x2f0 Core/Src/LibSWD/libswd_dap.o
                0x0000000008002608                libswd_dp_write
 .text.libswd_ap_bank_select
                0x00000000080028f8       0xdc Core/Src/LibSWD/libswd_dap.o
                0x00000000080028f8                libswd_ap_bank_select
 .text.libswd_ap_read
                0x00000000080029d4      0x318 Core/Src/LibSWD/libswd_dap.o
                0x00000000080029d4                libswd_ap_read
 .text.libswd_ap_write
                0x0000000008002cec      0x2f8 Core/Src/LibSWD/libswd_dap.o
                0x0000000008002cec                libswd_ap_write
 .text.libswd_debug_detect
                0x0000000008002fe4      0x120 Core/Src/LibSWD/libswd_debug.o
                0x0000000008002fe4                libswd_debug_detect
 .text.libswd_debug_init
                0x0000000008003104       0x5e Core/Src/LibSWD/libswd_debug.o
                0x0000000008003104                libswd_debug_init
 *fill*         0x0000000008003162        0x2 
 .text.libswd_debug_halt
                0x0000000008003164      0x144 Core/Src/LibSWD/libswd_debug.o
                0x0000000008003164                libswd_debug_halt
 .text.libswd_debug_is_halted
                0x00000000080032a8       0x42 Core/Src/LibSWD/libswd_debug.o
                0x00000000080032a8                libswd_debug_is_halted
 *fill*         0x00000000080032ea        0x2 
 .text.libswd_drv_transmit
                0x00000000080032ec      0x650 Core/Src/LibSWD/libswd_drv.o
                0x00000000080032ec                libswd_drv_transmit
 .text.libswd_error_string
                0x000000000800393c      0x1a0 Core/Src/LibSWD/libswd_error.o
                0x000000000800393c                libswd_error_string
 .text.libswd_error_handle
                0x0000000008003adc       0x9c Core/Src/LibSWD/libswd_error.o
                0x0000000008003adc                libswd_error_handle
 .text.libswd_error_handle_ack
                0x0000000008003b78       0x80 Core/Src/LibSWD/libswd_error.o
                0x0000000008003b78                libswd_error_handle_ack
 .text.libswd_error_handle_ack_wait
                0x0000000008003bf8      0x3c8 Core/Src/LibSWD/libswd_error.o
                0x0000000008003bf8                libswd_error_handle_ack_wait
 .text.libswd_drv_mosi_8
                0x0000000008003fc0       0xc4 Core/Src/LibSWD/libswd_externs.o
                0x0000000008003fc0                libswd_drv_mosi_8
 .text.libswd_drv_mosi_32
                0x0000000008004084       0xc0 Core/Src/LibSWD/libswd_externs.o
                0x0000000008004084                libswd_drv_mosi_32
 .text.libswd_drv_miso_8
                0x0000000008004144       0xc4 Core/Src/LibSWD/libswd_externs.o
                0x0000000008004144                libswd_drv_miso_8
 .text.libswd_drv_miso_32
                0x0000000008004208       0xc4 Core/Src/LibSWD/libswd_externs.o
                0x0000000008004208                libswd_drv_miso_32
 .text.libswd_drv_mosi_trn
                0x00000000080042cc       0xa8 Core/Src/LibSWD/libswd_externs.o
                0x00000000080042cc                libswd_drv_mosi_trn
 .text.libswd_drv_miso_trn
                0x0000000008004374       0x78 Core/Src/LibSWD/libswd_externs.o
                0x0000000008004374                libswd_drv_miso_trn
 .text.libswd_log
                0x00000000080043ec       0x3a Core/Src/LibSWD/libswd_externs.o
                0x00000000080043ec                libswd_log
 .text.libswd_log_internal_va
                0x0000000008004426       0x4e Core/Src/LibSWD/libswd_log.o
                0x0000000008004426                libswd_log_internal_va
 .text.libswd_operation_string
                0x0000000008004474       0x38 Core/Src/LibSWD/libswd_log.o
                0x0000000008004474                libswd_operation_string
 .text.libswd_request_string
                0x00000000080044ac      0x4d8 Core/Src/LibSWD/libswd_log.o
                0x00000000080044ac                libswd_request_string
 .text.libswd_memap_init
                0x0000000008004984      0x190 Core/Src/LibSWD/libswd_memap.o
                0x0000000008004984                libswd_memap_init
 .text.libswd_memap_setup
                0x0000000008004b14      0x14c Core/Src/LibSWD/libswd_memap.o
                0x0000000008004b14                libswd_memap_setup
 .text.libswd_memap_read_int
                0x0000000008004c60      0x214 Core/Src/LibSWD/libswd_memap.o
                0x0000000008004c60                libswd_memap_read_int
 .text.libswd_memap_read_int_csw
                0x0000000008004e74      0x110 Core/Src/LibSWD/libswd_memap.o
                0x0000000008004e74                libswd_memap_read_int_csw
 .text.libswd_memap_read_int_32
                0x0000000008004f84       0x64 Core/Src/LibSWD/libswd_memap.o
                0x0000000008004f84                libswd_memap_read_int_32
 .text.libswd_memap_write_int
                0x0000000008004fe8      0x214 Core/Src/LibSWD/libswd_memap.o
                0x0000000008004fe8                libswd_memap_write_int
 .text.libswd_memap_write_int_csw
                0x00000000080051fc      0x110 Core/Src/LibSWD/libswd_memap.o
                0x00000000080051fc                libswd_memap_write_int_csw
 .text.libswd_memap_write_int_32
                0x000000000800530c       0x64 Core/Src/LibSWD/libswd_memap.o
                0x000000000800530c                libswd_memap_write_int_32
 .text.libswd_memap_write_int_32_val
                0x0000000008005370       0x5c Core/Src/LibSWD/libswd_memap.o
                0x0000000008005370                libswd_memap_write_int_32_val
 .text.Delay    0x00000000080053cc       0x34 Core/Src/main.o
                0x00000000080053cc                Delay
 .text.main     0x0000000008005400       0x88 Core/Src/main.o
                0x0000000008005400                main
 .text.SystemClock_Config
                0x0000000008005488       0xac Core/Src/main.o
                0x0000000008005488                SystemClock_Config
 .text.MX_TIM2_Init
                0x0000000008005534       0xa8 Core/Src/main.o
 .text.MX_GPIO_Init
                0x00000000080055dc       0xd8 Core/Src/main.o
 .text.Error_Handler
                0x00000000080056b4        0xa Core/Src/main.o
                0x00000000080056b4                Error_Handler
 .text.STM32L0_set_bits
                0x00000000080056be       0x50 Core/Src/stm32l0.o
                0x00000000080056be                STM32L0_set_bits
 .text.STM32L0_clear_bits
                0x000000000800570e       0x52 Core/Src/stm32l0.o
                0x000000000800570e                STM32L0_clear_bits
 .text.STM32L0_wait_busy
                0x0000000008005760       0x60 Core/Src/stm32l0.o
                0x0000000008005760                STM32L0_wait_busy
 .text.STM32L0_option_byte_write
                0x00000000080057c0       0x90 Core/Src/stm32l0.o
                0x00000000080057c0                STM32L0_option_byte_write
 .text.STM32L0_option_byte_prog
                0x0000000008005850       0x34 Core/Src/stm32l0.o
                0x0000000008005850                STM32L0_option_byte_prog
 .text.STM32L0_option_byte_erase
                0x0000000008005884       0x64 Core/Src/stm32l0.o
                0x0000000008005884                STM32L0_option_byte_erase
 .text.STM32L0_unlock_nvm
                0x00000000080058e8       0x8c Core/Src/stm32l0.o
                0x00000000080058e8                STM32L0_unlock_nvm
 .text.STM32L0_unlock_opt
                0x0000000008005974       0xd0 Core/Src/stm32l0.o
                0x0000000008005974                STM32L0_unlock_opt
 .text.STM32L0_unlock_prog
                0x0000000008005a44       0xd0 Core/Src/stm32l0.o
                0x0000000008005a44                STM32L0_unlock_prog
 .text.STM32L0_mass_erase
                0x0000000008005b14      0x114 Core/Src/stm32l0.o
                0x0000000008005b14                STM32L0_mass_erase
 .text.STM32L0_ReadOut_Lock
                0x0000000008005c28       0xf0 Core/Src/stm32l0.o
                0x0000000008005c28                STM32L0_ReadOut_Lock
 .text.STM32L0_half_page_prog
                0x0000000008005d18       0xa0 Core/Src/stm32l0.o
                0x0000000008005d18                STM32L0_half_page_prog
 .text.STM32L0_prog
                0x0000000008005db8      0x128 Core/Src/stm32l0.o
                0x0000000008005db8                STM32L0_prog
 .text.STM32L0_main
                0x0000000008005ee0      0x20c Core/Src/stm32l0.o
                0x0000000008005ee0                STM32L0_main
 .text.HAL_MspInit
                0x00000000080060ec       0x38 Core/Src/stm32l0xx_hal_msp.o
                0x00000000080060ec                HAL_MspInit
 .text.HAL_TIM_Base_MspInit
                0x0000000008006124       0x2c Core/Src/stm32l0xx_hal_msp.o
                0x0000000008006124                HAL_TIM_Base_MspInit
 .text.NMI_Handler
                0x0000000008006150        0x6 Core/Src/stm32l0xx_it.o
                0x0000000008006150                NMI_Handler
 .text.HardFault_Handler
                0x0000000008006156        0x6 Core/Src/stm32l0xx_it.o
                0x0000000008006156                HardFault_Handler
 .text.SVC_Handler
                0x000000000800615c        0xa Core/Src/stm32l0xx_it.o
                0x000000000800615c                SVC_Handler
 .text.PendSV_Handler
                0x0000000008006166        0xa Core/Src/stm32l0xx_it.o
                0x0000000008006166                PendSV_Handler
 .text.SysTick_Handler
                0x0000000008006170        0xe Core/Src/stm32l0xx_it.o
                0x0000000008006170                SysTick_Handler
 .text.RCC_CRS_IRQHandler
                0x000000000800617e        0xa Core/Src/stm32l0xx_it.o
                0x000000000800617e                RCC_CRS_IRQHandler
 .text.EXTI4_15_IRQHandler
                0x0000000008006188       0x3c Core/Src/stm32l0xx_it.o
                0x0000000008006188                EXTI4_15_IRQHandler
 .text._read    0x00000000080061c4       0x3a Core/Src/syscalls.o
                0x00000000080061c4                _read
 .text._write   0x00000000080061fe       0x38 Core/Src/syscalls.o
                0x00000000080061fe                _write
 .text._close   0x0000000008006236       0x14 Core/Src/syscalls.o
                0x0000000008006236                _close
 .text._fstat   0x000000000800624a       0x1c Core/Src/syscalls.o
                0x000000000800624a                _fstat
 .text._isatty  0x0000000008006266       0x12 Core/Src/syscalls.o
                0x0000000008006266                _isatty
 .text._lseek   0x0000000008006278       0x16 Core/Src/syscalls.o
                0x0000000008006278                _lseek
 *fill*         0x000000000800628e        0x2 
 .text._sbrk    0x0000000008006290       0x6c Core/Src/sysmem.o
                0x0000000008006290                _sbrk
 .text.SystemInit
                0x00000000080062fc        0xa Core/Src/system_stm32l0xx.o
                0x00000000080062fc                SystemInit
 *fill*         0x0000000008006306        0x2 
 .text.Reset_Handler
                0x0000000008006308       0x50 Core/Startup/startup_stm32l073rztx.o
                0x0000000008006308                Reset_Handler
 .text.Default_Handler
                0x0000000008006358        0x2 Core/Startup/startup_stm32l073rztx.o
                0x0000000008006358                TSC_IRQHandler
                0x0000000008006358                ADC1_COMP_IRQHandler
                0x0000000008006358                PVD_IRQHandler
                0x0000000008006358                I2C1_IRQHandler
                0x0000000008006358                SPI1_IRQHandler
                0x0000000008006358                TIM6_DAC_IRQHandler
                0x0000000008006358                EXTI2_3_IRQHandler
                0x0000000008006358                I2C2_IRQHandler
                0x0000000008006358                RTC_IRQHandler
                0x0000000008006358                LCD_IRQHandler
                0x0000000008006358                DMA1_Channel4_5_6_7_IRQHandler
                0x0000000008006358                TIM3_IRQHandler
                0x0000000008006358                DMA1_Channel1_IRQHandler
                0x0000000008006358                USART4_5_IRQHandler
                0x0000000008006358                Default_Handler
                0x0000000008006358                TIM22_IRQHandler
                0x0000000008006358                TIM7_IRQHandler
                0x0000000008006358                EXTI0_1_IRQHandler
                0x0000000008006358                USB_IRQHandler
                0x0000000008006358                I2C3_IRQHandler
                0x0000000008006358                SPI2_IRQHandler
                0x0000000008006358                TIM21_IRQHandler
                0x0000000008006358                WWDG_IRQHandler
                0x0000000008006358                TIM2_IRQHandler
                0x0000000008006358                DMA1_Channel2_3_IRQHandler
                0x0000000008006358                USART2_IRQHandler
                0x0000000008006358                FLASH_IRQHandler
                0x0000000008006358                USART1_IRQHandler
                0x0000000008006358                RNG_LPUART1_IRQHandler
                0x0000000008006358                LPTIM1_IRQHandler
 *fill*         0x000000000800635a        0x2 
 .text.HAL_Init
                0x000000000800635c       0x40 Drivers/STM32L0xx_HAL_Driver/Src/stm32l0xx_hal.o
                0x000000000800635c                HAL_Init
 .text.HAL_InitTick
                0x000000000800639c       0x68 Drivers/STM32L0xx_HAL_Driver/Src/stm32l0xx_hal.o
                0x000000000800639c                HAL_InitTick
 .text.HAL_IncTick
                0x0000000008006404       0x24 Drivers/STM32L0xx_HAL_Driver/Src/stm32l0xx_hal.o
                0x0000000008006404                HAL_IncTick
 .text.HAL_GetTick
                0x0000000008006428       0x14 Drivers/STM32L0xx_HAL_Driver/Src/stm32l0xx_hal.o
                0x0000000008006428                HAL_GetTick
 .text.__NVIC_EnableIRQ
                0x000000000800643c       0x34 Drivers/STM32L0xx_HAL_Driver/Src/stm32l0xx_hal_cortex.o
 .text.__NVIC_SetPriority
                0x0000000008006470       0xdc Drivers/STM32L0xx_HAL_Driver/Src/stm32l0xx_hal_cortex.o
 .text.SysTick_Config
                0x000000000800654c       0x48 Drivers/STM32L0xx_HAL_Driver/Src/stm32l0xx_hal_cortex.o
 .text.HAL_NVIC_SetPriority
                0x0000000008006594       0x2a Drivers/STM32L0xx_HAL_Driver/Src/stm32l0xx_hal_cortex.o
                0x0000000008006594                HAL_NVIC_SetPriority
 .text.HAL_NVIC_EnableIRQ
                0x00000000080065be       0x20 Drivers/STM32L0xx_HAL_Driver/Src/stm32l0xx_hal_cortex.o
                0x00000000080065be                HAL_NVIC_EnableIRQ
 .text.HAL_SYSTICK_Config
                0x00000000080065de       0x1a Drivers/STM32L0xx_HAL_Driver/Src/stm32l0xx_hal_cortex.o
                0x00000000080065de                HAL_SYSTICK_Config
 .text.HAL_GPIO_Init
                0x00000000080065f8      0x2fc Drivers/STM32L0xx_HAL_Driver/Src/stm32l0xx_hal_gpio.o
                0x00000000080065f8                HAL_GPIO_Init
 .text.HAL_GPIO_ReadPin
                0x00000000080068f4       0x3a Drivers/STM32L0xx_HAL_Driver/Src/stm32l0xx_hal_gpio.o
                0x00000000080068f4                HAL_GPIO_ReadPin
 .text.HAL_GPIO_WritePin
                0x000000000800692e       0x3a Drivers/STM32L0xx_HAL_Driver/Src/stm32l0xx_hal_gpio.o
                0x000000000800692e                HAL_GPIO_WritePin
 .text.HAL_GPIO_EXTI_IRQHandler
                0x0000000008006968       0x38 Drivers/STM32L0xx_HAL_Driver/Src/stm32l0xx_hal_gpio.o
                0x0000000008006968                HAL_GPIO_EXTI_IRQHandler
 .text.HAL_GPIO_EXTI_Callback
                0x00000000080069a0       0x14 Drivers/STM32L0xx_HAL_Driver/Src/stm32l0xx_hal_gpio.o
                0x00000000080069a0                HAL_GPIO_EXTI_Callback
 .text.HAL_RCC_OscConfig
                0x00000000080069b4      0x7a8 Drivers/STM32L0xx_HAL_Driver/Src/stm32l0xx_hal_rcc.o
                0x00000000080069b4                HAL_RCC_OscConfig
 .text.HAL_RCC_ClockConfig
                0x000000000800715c      0x290 Drivers/STM32L0xx_HAL_Driver/Src/stm32l0xx_hal_rcc.o
                0x000000000800715c                HAL_RCC_ClockConfig
 .text.HAL_RCC_GetSysClockFreq
                0x00000000080073ec      0x14c Drivers/STM32L0xx_HAL_Driver/Src/stm32l0xx_hal_rcc.o
                0x00000000080073ec                HAL_RCC_GetSysClockFreq
 .text.HAL_TIM_Base_Init
                0x0000000008007538       0x80 Drivers/STM32L0xx_HAL_Driver/Src/stm32l0xx_hal_tim.o
                0x0000000008007538                HAL_TIM_Base_Init
 .text.HAL_TIM_Base_Start
                0x00000000080075b8       0x94 Drivers/STM32L0xx_HAL_Driver/Src/stm32l0xx_hal_tim.o
                0x00000000080075b8                HAL_TIM_Base_Start
 .text.HAL_TIM_ConfigClockSource
                0x000000000800764c      0x194 Drivers/STM32L0xx_HAL_Driver/Src/stm32l0xx_hal_tim.o
                0x000000000800764c                HAL_TIM_ConfigClockSource
 .text.TIM_Base_SetConfig
                0x00000000080077e0       0xbc Drivers/STM32L0xx_HAL_Driver/Src/stm32l0xx_hal_tim.o
 .text.TIM_TI1_ConfigInputStage
                0x000000000800789c       0x5c Drivers/STM32L0xx_HAL_Driver/Src/stm32l0xx_hal_tim.o
 .text.TIM_TI2_ConfigInputStage
                0x00000000080078f8       0x64 Drivers/STM32L0xx_HAL_Driver/Src/stm32l0xx_hal_tim.o
 .text.TIM_ITRx_SetConfig
                0x000000000800795c       0x32 Drivers/STM32L0xx_HAL_Driver/Src/stm32l0xx_hal_tim.o
 *fill*         0x000000000800798e        0x2 
 .text.TIM_ETR_SetConfig
                0x0000000008007990       0x40 Drivers/STM32L0xx_HAL_Driver/Src/stm32l0xx_hal_tim.o
 .text.HAL_TIMEx_MasterConfigSynchronization
                0x00000000080079d0       0xbc Drivers/STM32L0xx_HAL_Driver/Src/stm32l0xx_hal_tim_ex.o
                0x00000000080079d0                HAL_TIMEx_MasterConfigSynchronization
 .text.calloc   0x0000000008007a8c       0x14 c:/st/stm32cubeide_1.6.0/stm32cubeide/plugins/com.st.stm32cube.ide.mcu.externaltools.gnu-tools-for-stm32.9-2020-q2-update.win32_1.5.0.202011040924/tools/bin/../lib/gcc/arm-none-eabi/9.3.1/../../../../arm-none-eabi/lib/thumb/v6-m/nofp\libc_nano.a(lib_a-calloc.o)
                0x0000000008007a8c                calloc
 .text.__errno  0x0000000008007aa0        0xc c:/st/stm32cubeide_1.6.0/stm32cubeide/plugins/com.st.stm32cube.ide.mcu.externaltools.gnu-tools-for-stm32.9-2020-q2-update.win32_1.5.0.202011040924/tools/bin/../lib/gcc/arm-none-eabi/9.3.1/../../../../arm-none-eabi/lib/thumb/v6-m/nofp\libc_nano.a(lib_a-errno.o)
                0x0000000008007aa0                __errno
 .text.__sflush_r
                0x0000000008007aac      0x118 c:/st/stm32cubeide_1.6.0/stm32cubeide/plugins/com.st.stm32cube.ide.mcu.externaltools.gnu-tools-for-stm32.9-2020-q2-update.win32_1.5.0.202011040924/tools/bin/../lib/gcc/arm-none-eabi/9.3.1/../../../../arm-none-eabi/lib/thumb/v6-m/nofp\libc_nano.a(lib_a-fflush.o)
                0x0000000008007aac                __sflush_r
 .text._fflush_r
                0x0000000008007bc4       0x80 c:/st/stm32cubeide_1.6.0/stm32cubeide/plugins/com.st.stm32cube.ide.mcu.externaltools.gnu-tools-for-stm32.9-2020-q2-update.win32_1.5.0.202011040924/tools/bin/../lib/gcc/arm-none-eabi/9.3.1/../../../../arm-none-eabi/lib/thumb/v6-m/nofp\libc_nano.a(lib_a-fflush.o)
                0x0000000008007bc4                _fflush_r
 .text.fflush   0x0000000008007c44       0x2c c:/st/stm32cubeide_1.6.0/stm32cubeide/plugins/com.st.stm32cube.ide.mcu.externaltools.gnu-tools-for-stm32.9-2020-q2-update.win32_1.5.0.202011040924/tools/bin/../lib/gcc/arm-none-eabi/9.3.1/../../../../arm-none-eabi/lib/thumb/v6-m/nofp\libc_nano.a(lib_a-fflush.o)
                0x0000000008007c44                fflush
 .text.std      0x0000000008007c70       0x48 c:/st/stm32cubeide_1.6.0/stm32cubeide/plugins/com.st.stm32cube.ide.mcu.externaltools.gnu-tools-for-stm32.9-2020-q2-update.win32_1.5.0.202011040924/tools/bin/../lib/gcc/arm-none-eabi/9.3.1/../../../../arm-none-eabi/lib/thumb/v6-m/nofp\libc_nano.a(lib_a-findfp.o)
 .text._cleanup_r
                0x0000000008007cb8       0x10 c:/st/stm32cubeide_1.6.0/stm32cubeide/plugins/com.st.stm32cube.ide.mcu.externaltools.gnu-tools-for-stm32.9-2020-q2-update.win32_1.5.0.202011040924/tools/bin/../lib/gcc/arm-none-eabi/9.3.1/../../../../arm-none-eabi/lib/thumb/v6-m/nofp\libc_nano.a(lib_a-findfp.o)
                0x0000000008007cb8                _cleanup_r
 .text.__sfmoreglue
                0x0000000008007cc8       0x2c c:/st/stm32cubeide_1.6.0/stm32cubeide/plugins/com.st.stm32cube.ide.mcu.externaltools.gnu-tools-for-stm32.9-2020-q2-update.win32_1.5.0.202011040924/tools/bin/../lib/gcc/arm-none-eabi/9.3.1/../../../../arm-none-eabi/lib/thumb/v6-m/nofp\libc_nano.a(lib_a-findfp.o)
                0x0000000008007cc8                __sfmoreglue
 .text.__sfp_lock_acquire
                0x0000000008007cf4       0x10 c:/st/stm32cubeide_1.6.0/stm32cubeide/plugins/com.st.stm32cube.ide.mcu.externaltools.gnu-tools-for-stm32.9-2020-q2-update.win32_1.5.0.202011040924/tools/bin/../lib/gcc/arm-none-eabi/9.3.1/../../../../arm-none-eabi/lib/thumb/v6-m/nofp\libc_nano.a(lib_a-findfp.o)
                0x0000000008007cf4                __sfp_lock_acquire
 .text.__sfp_lock_release
                0x0000000008007d04       0x10 c:/st/stm32cubeide_1.6.0/stm32cubeide/plugins/com.st.stm32cube.ide.mcu.externaltools.gnu-tools-for-stm32.9-2020-q2-update.win32_1.5.0.202011040924/tools/bin/../lib/gcc/arm-none-eabi/9.3.1/../../../../arm-none-eabi/lib/thumb/v6-m/nofp\libc_nano.a(lib_a-findfp.o)
                0x0000000008007d04                __sfp_lock_release
 .text.__sinit_lock_acquire
                0x0000000008007d14       0x10 c:/st/stm32cubeide_1.6.0/stm32cubeide/plugins/com.st.stm32cube.ide.mcu.externaltools.gnu-tools-for-stm32.9-2020-q2-update.win32_1.5.0.202011040924/tools/bin/../lib/gcc/arm-none-eabi/9.3.1/../../../../arm-none-eabi/lib/thumb/v6-m/nofp\libc_nano.a(lib_a-findfp.o)
                0x0000000008007d14                __sinit_lock_acquire
 .text.__sinit_lock_release
                0x0000000008007d24       0x10 c:/st/stm32cubeide_1.6.0/stm32cubeide/plugins/com.st.stm32cube.ide.mcu.externaltools.gnu-tools-for-stm32.9-2020-q2-update.win32_1.5.0.202011040924/tools/bin/../lib/gcc/arm-none-eabi/9.3.1/../../../../arm-none-eabi/lib/thumb/v6-m/nofp\libc_nano.a(lib_a-findfp.o)
                0x0000000008007d24                __sinit_lock_release
 .text.__sinit  0x0000000008007d34       0x70 c:/st/stm32cubeide_1.6.0/stm32cubeide/plugins/com.st.stm32cube.ide.mcu.externaltools.gnu-tools-for-stm32.9-2020-q2-update.win32_1.5.0.202011040924/tools/bin/../lib/gcc/arm-none-eabi/9.3.1/../../../../arm-none-eabi/lib/thumb/v6-m/nofp\libc_nano.a(lib_a-findfp.o)
                0x0000000008007d34                __sinit
 .text.__sfp    0x0000000008007da4       0x90 c:/st/stm32cubeide_1.6.0/stm32cubeide/plugins/com.st.stm32cube.ide.mcu.externaltools.gnu-tools-for-stm32.9-2020-q2-update.win32_1.5.0.202011040924/tools/bin/../lib/gcc/arm-none-eabi/9.3.1/../../../../arm-none-eabi/lib/thumb/v6-m/nofp\libc_nano.a(lib_a-findfp.o)
                0x0000000008007da4                __sfp
 .text._fwalk_reent
                0x0000000008007e34       0x40 c:/st/stm32cubeide_1.6.0/stm32cubeide/plugins/com.st.stm32cube.ide.mcu.externaltools.gnu-tools-for-stm32.9-2020-q2-update.win32_1.5.0.202011040924/tools/bin/../lib/gcc/arm-none-eabi/9.3.1/../../../../arm-none-eabi/lib/thumb/v6-m/nofp\libc_nano.a(lib_a-fwalk.o)
                0x0000000008007e34                _fwalk_reent
 .text.__libc_init_array
                0x0000000008007e74       0x48 c:/st/stm32cubeide_1.6.0/stm32cubeide/plugins/com.st.stm32cube.ide.mcu.externaltools.gnu-tools-for-stm32.9-2020-q2-update.win32_1.5.0.202011040924/tools/bin/../lib/gcc/arm-none-eabi/9.3.1/../../../../arm-none-eabi/lib/thumb/v6-m/nofp\libc_nano.a(lib_a-init.o)
                0x0000000008007e74                __libc_init_array
 .text.__retarget_lock_init_recursive
                0x0000000008007ebc        0x2 c:/st/stm32cubeide_1.6.0/stm32cubeide/plugins/com.st.stm32cube.ide.mcu.externaltools.gnu-tools-for-stm32.9-2020-q2-update.win32_1.5.0.202011040924/tools/bin/../lib/gcc/arm-none-eabi/9.3.1/../../../../arm-none-eabi/lib/thumb/v6-m/nofp\libc_nano.a(lib_a-lock.o)
                0x0000000008007ebc                __retarget_lock_init_recursive
 .text.__retarget_lock_acquire_recursive
                0x0000000008007ebe        0x2 c:/st/stm32cubeide_1.6.0/stm32cubeide/plugins/com.st.stm32cube.ide.mcu.externaltools.gnu-tools-for-stm32.9-2020-q2-update.win32_1.5.0.202011040924/tools/bin/../lib/gcc/arm-none-eabi/9.3.1/../../../../arm-none-eabi/lib/thumb/v6-m/nofp\libc_nano.a(lib_a-lock.o)
                0x0000000008007ebe                __retarget_lock_acquire_recursive
 .text.__retarget_lock_release_recursive
                0x0000000008007ec0        0x2 c:/st/stm32cubeide_1.6.0/stm32cubeide/plugins/com.st.stm32cube.ide.mcu.externaltools.gnu-tools-for-stm32.9-2020-q2-update.win32_1.5.0.202011040924/tools/bin/../lib/gcc/arm-none-eabi/9.3.1/../../../../arm-none-eabi/lib/thumb/v6-m/nofp\libc_nano.a(lib_a-lock.o)
                0x0000000008007ec0                __retarget_lock_release_recursive
 *fill*         0x0000000008007ec2        0x2 
 .text.free     0x0000000008007ec4       0x14 c:/st/stm32cubeide_1.6.0/stm32cubeide/plugins/com.st.stm32cube.ide.mcu.externaltools.gnu-tools-for-stm32.9-2020-q2-update.win32_1.5.0.202011040924/tools/bin/../lib/gcc/arm-none-eabi/9.3.1/../../../../arm-none-eabi/lib/thumb/v6-m/nofp\libc_nano.a(lib_a-malloc.o)
                0x0000000008007ec4                free
 .text.memcpy   0x0000000008007ed8       0x12 c:/st/stm32cubeide_1.6.0/stm32cubeide/plugins/com.st.stm32cube.ide.mcu.externaltools.gnu-tools-for-stm32.9-2020-q2-update.win32_1.5.0.202011040924/tools/bin/../lib/gcc/arm-none-eabi/9.3.1/../../../../arm-none-eabi/lib/thumb/v6-m/nofp\libc_nano.a(lib_a-memcpy-stub.o)
                0x0000000008007ed8                memcpy
 .text.memset   0x0000000008007eea       0x10 c:/st/stm32cubeide_1.6.0/stm32cubeide/plugins/com.st.stm32cube.ide.mcu.externaltools.gnu-tools-for-stm32.9-2020-q2-update.win32_1.5.0.202011040924/tools/bin/../lib/gcc/arm-none-eabi/9.3.1/../../../../arm-none-eabi/lib/thumb/v6-m/nofp\libc_nano.a(lib_a-memset.o)
                0x0000000008007eea                memset
 .text._calloc_r
                0x0000000008007efa       0x1c c:/st/stm32cubeide_1.6.0/stm32cubeide/plugins/com.st.stm32cube.ide.mcu.externaltools.gnu-tools-for-stm32.9-2020-q2-update.win32_1.5.0.202011040924/tools/bin/../lib/gcc/arm-none-eabi/9.3.1/../../../../arm-none-eabi/lib/thumb/v6-m/nofp\libc_nano.a(lib_a-nano-callocr.o)
                0x0000000008007efa                _calloc_r
 *fill*         0x0000000008007f16        0x2 
 .text._free_r  0x0000000008007f18       0x94 c:/st/stm32cubeide_1.6.0/stm32cubeide/plugins/com.st.stm32cube.ide.mcu.externaltools.gnu-tools-for-stm32.9-2020-q2-update.win32_1.5.0.202011040924/tools/bin/../lib/gcc/arm-none-eabi/9.3.1/../../../../arm-none-eabi/lib/thumb/v6-m/nofp\libc_nano.a(lib_a-nano-freer.o)
                0x0000000008007f18                _free_r
 .text._malloc_r
                0x0000000008007fac       0xbc c:/st/stm32cubeide_1.6.0/stm32cubeide/plugins/com.st.stm32cube.ide.mcu.externaltools.gnu-tools-for-stm32.9-2020-q2-update.win32_1.5.0.202011040924/tools/bin/../lib/gcc/arm-none-eabi/9.3.1/../../../../arm-none-eabi/lib/thumb/v6-m/nofp\libc_nano.a(lib_a-nano-mallocr.o)
                0x0000000008007fac                _malloc_r
 .text._puts_r  0x0000000008008068       0xe4 c:/st/stm32cubeide_1.6.0/stm32cubeide/plugins/com.st.stm32cube.ide.mcu.externaltools.gnu-tools-for-stm32.9-2020-q2-update.win32_1.5.0.202011040924/tools/bin/../lib/gcc/arm-none-eabi/9.3.1/../../../../arm-none-eabi/lib/thumb/v6-m/nofp\libc_nano.a(lib_a-puts.o)
                0x0000000008008068                _puts_r
 .text.puts     0x000000000800814c       0x14 c:/st/stm32cubeide_1.6.0/stm32cubeide/plugins/com.st.stm32cube.ide.mcu.externaltools.gnu-tools-for-stm32.9-2020-q2-update.win32_1.5.0.202011040924/tools/bin/../lib/gcc/arm-none-eabi/9.3.1/../../../../arm-none-eabi/lib/thumb/v6-m/nofp\libc_nano.a(lib_a-puts.o)
                0x000000000800814c                puts
 .text._sbrk_r  0x0000000008008160       0x24 c:/st/stm32cubeide_1.6.0/stm32cubeide/plugins/com.st.stm32cube.ide.mcu.externaltools.gnu-tools-for-stm32.9-2020-q2-update.win32_1.5.0.202011040924/tools/bin/../lib/gcc/arm-none-eabi/9.3.1/../../../../arm-none-eabi/lib/thumb/v6-m/nofp\libc_nano.a(lib_a-sbrkr.o)
                0x0000000008008160                _sbrk_r
 .text.sprintf  0x0000000008008184       0x40 c:/st/stm32cubeide_1.6.0/stm32cubeide/plugins/com.st.stm32cube.ide.mcu.externaltools.gnu-tools-for-stm32.9-2020-q2-update.win32_1.5.0.202011040924/tools/bin/../lib/gcc/arm-none-eabi/9.3.1/../../../../arm-none-eabi/lib/thumb/v6-m/nofp\libc_nano.a(lib_a-sprintf.o)
                0x0000000008008184                siprintf
                0x0000000008008184                sprintf
 .text.__sread  0x00000000080081c4       0x28 c:/st/stm32cubeide_1.6.0/stm32cubeide/plugins/com.st.stm32cube.ide.mcu.externaltools.gnu-tools-for-stm32.9-2020-q2-update.win32_1.5.0.202011040924/tools/bin/../lib/gcc/arm-none-eabi/9.3.1/../../../../arm-none-eabi/lib/thumb/v6-m/nofp\libc_nano.a(lib_a-stdio.o)
                0x00000000080081c4                __sread
 .text.__swrite
                0x00000000080081ec       0x38 c:/st/stm32cubeide_1.6.0/stm32cubeide/plugins/com.st.stm32cube.ide.mcu.externaltools.gnu-tools-for-stm32.9-2020-q2-update.win32_1.5.0.202011040924/tools/bin/../lib/gcc/arm-none-eabi/9.3.1/../../../../arm-none-eabi/lib/thumb/v6-m/nofp\libc_nano.a(lib_a-stdio.o)
                0x00000000080081ec                __swrite
 .text.__sseek  0x0000000008008224       0x2c c:/st/stm32cubeide_1.6.0/stm32cubeide/plugins/com.st.stm32cube.ide.mcu.externaltools.gnu-tools-for-stm32.9-2020-q2-update.win32_1.5.0.202011040924/tools/bin/../lib/gcc/arm-none-eabi/9.3.1/../../../../arm-none-eabi/lib/thumb/v6-m/nofp\libc_nano.a(lib_a-stdio.o)
                0x0000000008008224                __sseek
 .text.__sclose
                0x0000000008008250        0xc c:/st/stm32cubeide_1.6.0/stm32cubeide/plugins/com.st.stm32cube.ide.mcu.externaltools.gnu-tools-for-stm32.9-2020-q2-update.win32_1.5.0.202011040924/tools/bin/../lib/gcc/arm-none-eabi/9.3.1/../../../../arm-none-eabi/lib/thumb/v6-m/nofp\libc_nano.a(lib_a-stdio.o)
                0x0000000008008250                __sclose
 .text.strcat   0x000000000800825c       0x1a c:/st/stm32cubeide_1.6.0/stm32cubeide/plugins/com.st.stm32cube.ide.mcu.externaltools.gnu-tools-for-stm32.9-2020-q2-update.win32_1.5.0.202011040924/tools/bin/../lib/gcc/arm-none-eabi/9.3.1/../../../../arm-none-eabi/lib/thumb/v6-m/nofp\libc_nano.a(lib_a-strcat.o)
                0x000000000800825c                strcat
 *fill*         0x0000000008008276        0x2 
 .text.vprintf  0x0000000008008278       0x2c c:/st/stm32cubeide_1.6.0/stm32cubeide/plugins/com.st.stm32cube.ide.mcu.externaltools.gnu-tools-for-stm32.9-2020-q2-update.win32_1.5.0.202011040924/tools/bin/../lib/gcc/arm-none-eabi/9.3.1/../../../../arm-none-eabi/lib/thumb/v6-m/nofp\libc_nano.a(lib_a-vprintf.o)
                0x0000000008008278                viprintf
                0x0000000008008278                vprintf
 .text.__swbuf_r
                0x00000000080082a4       0xac c:/st/stm32cubeide_1.6.0/stm32cubeide/plugins/com.st.stm32cube.ide.mcu.externaltools.gnu-tools-for-stm32.9-2020-q2-update.win32_1.5.0.202011040924/tools/bin/../lib/gcc/arm-none-eabi/9.3.1/../../../../arm-none-eabi/lib/thumb/v6-m/nofp\libc_nano.a(lib_a-wbuf.o)
                0x00000000080082a4                __swbuf_r
 .text._write_r
                0x0000000008008350       0x28 c:/st/stm32cubeide_1.6.0/stm32cubeide/plugins/com.st.stm32cube.ide.mcu.externaltools.gnu-tools-for-stm32.9-2020-q2-update.win32_1.5.0.202011040924/tools/bin/../lib/gcc/arm-none-eabi/9.3.1/../../../../arm-none-eabi/lib/thumb/v6-m/nofp\libc_nano.a(lib_a-writer.o)
                0x0000000008008350                _write_r
 .text.__swsetup_r
                0x0000000008008378       0xf0 c:/st/stm32cubeide_1.6.0/stm32cubeide/plugins/com.st.stm32cube.ide.mcu.externaltools.gnu-tools-for-stm32.9-2020-q2-update.win32_1.5.0.202011040924/tools/bin/../lib/gcc/arm-none-eabi/9.3.1/../../../../arm-none-eabi/lib/thumb/v6-m/nofp\libc_nano.a(lib_a-wsetup.o)
                0x0000000008008378                __swsetup_r
 .text._close_r
                0x0000000008008468       0x24 c:/st/stm32cubeide_1.6.0/stm32cubeide/plugins/com.st.stm32cube.ide.mcu.externaltools.gnu-tools-for-stm32.9-2020-q2-update.win32_1.5.0.202011040924/tools/bin/../lib/gcc/arm-none-eabi/9.3.1/../../../../arm-none-eabi/lib/thumb/v6-m/nofp\libc_nano.a(lib_a-closer.o)
                0x0000000008008468                _close_r
 .text._lseek_r
                0x000000000800848c       0x28 c:/st/stm32cubeide_1.6.0/stm32cubeide/plugins/com.st.stm32cube.ide.mcu.externaltools.gnu-tools-for-stm32.9-2020-q2-update.win32_1.5.0.202011040924/tools/bin/../lib/gcc/arm-none-eabi/9.3.1/../../../../arm-none-eabi/lib/thumb/v6-m/nofp\libc_nano.a(lib_a-lseekr.o)
                0x000000000800848c                _lseek_r
 .text.__swhatbuf_r
                0x00000000080084b4       0x50 c:/st/stm32cubeide_1.6.0/stm32cubeide/plugins/com.st.stm32cube.ide.mcu.externaltools.gnu-tools-for-stm32.9-2020-q2-update.win32_1.5.0.202011040924/tools/bin/../lib/gcc/arm-none-eabi/9.3.1/../../../../arm-none-eabi/lib/thumb/v6-m/nofp\libc_nano.a(lib_a-makebuf.o)
                0x00000000080084b4                __swhatbuf_r
 .text.__smakebuf_r
                0x0000000008008504       0x88 c:/st/stm32cubeide_1.6.0/stm32cubeide/plugins/com.st.stm32cube.ide.mcu.externaltools.gnu-tools-for-stm32.9-2020-q2-update.win32_1.5.0.202011040924/tools/bin/../lib/gcc/arm-none-eabi/9.3.1/../../../../arm-none-eabi/lib/thumb/v6-m/nofp\libc_nano.a(lib_a-makebuf.o)
                0x0000000008008504                __smakebuf_r
 .text.__malloc_lock
                0x000000000800858c       0x10 c:/st/stm32cubeide_1.6.0/stm32cubeide/plugins/com.st.stm32cube.ide.mcu.externaltools.gnu-tools-for-stm32.9-2020-q2-update.win32_1.5.0.202011040924/tools/bin/../lib/gcc/arm-none-eabi/9.3.1/../../../../arm-none-eabi/lib/thumb/v6-m/nofp\libc_nano.a(lib_a-mlock.o)
                0x000000000800858c                __malloc_lock
 .text.__malloc_unlock
                0x000000000800859c       0x10 c:/st/stm32cubeide_1.6.0/stm32cubeide/plugins/com.st.stm32cube.ide.mcu.externaltools.gnu-tools-for-stm32.9-2020-q2-update.win32_1.5.0.202011040924/tools/bin/../lib/gcc/arm-none-eabi/9.3.1/../../../../arm-none-eabi/lib/thumb/v6-m/nofp\libc_nano.a(lib_a-mlock.o)
                0x000000000800859c                __malloc_unlock
 .text.__ssputs_r
                0x00000000080085ac       0xc4 c:/st/stm32cubeide_1.6.0/stm32cubeide/plugins/com.st.stm32cube.ide.mcu.externaltools.gnu-tools-for-stm32.9-2020-q2-update.win32_1.5.0.202011040924/tools/bin/../lib/gcc/arm-none-eabi/9.3.1/../../../../arm-none-eabi/lib/thumb/v6-m/nofp\libc_nano.a(lib_a-nano-svfprintf.o)
                0x00000000080085ac                __ssputs_r
 .text._svfprintf_r
                0x0000000008008670      0x200 c:/st/stm32cubeide_1.6.0/stm32cubeide/plugins/com.st.stm32cube.ide.mcu.externaltools.gnu-tools-for-stm32.9-2020-q2-update.win32_1.5.0.202011040924/tools/bin/../lib/gcc/arm-none-eabi/9.3.1/../../../../arm-none-eabi/lib/thumb/v6-m/nofp\libc_nano.a(lib_a-nano-svfprintf.o)
                0x0000000008008670                _svfiprintf_r
                0x0000000008008670                _svfprintf_r
 .text.__sfputc_r
                0x0000000008008870       0x2a c:/st/stm32cubeide_1.6.0/stm32cubeide/plugins/com.st.stm32cube.ide.mcu.externaltools.gnu-tools-for-stm32.9-2020-q2-update.win32_1.5.0.202011040924/tools/bin/../lib/gcc/arm-none-eabi/9.3.1/../../../../arm-none-eabi/lib/thumb/v6-m/nofp\libc_nano.a(lib_a-nano-vfprintf.o)
 .text.__sfputs_r
                0x000000000800889a       0x24 c:/st/stm32cubeide_1.6.0/stm32cubeide/plugins/com.st.stm32cube.ide.mcu.externaltools.gnu-tools-for-stm32.9-2020-q2-update.win32_1.5.0.202011040924/tools/bin/../lib/gcc/arm-none-eabi/9.3.1/../../../../arm-none-eabi/lib/thumb/v6-m/nofp\libc_nano.a(lib_a-nano-vfprintf.o)
                0x000000000800889a                __sfputs_r
 *fill*         0x00000000080088be        0x2 
 .text._vfprintf_r
                0x00000000080088c0      0x274 c:/st/stm32cubeide_1.6.0/stm32cubeide/plugins/com.st.stm32cube.ide.mcu.externaltools.gnu-tools-for-stm32.9-2020-q2-update.win32_1.5.0.202011040924/tools/bin/../lib/gcc/arm-none-eabi/9.3.1/../../../../arm-none-eabi/lib/thumb/v6-m/nofp\libc_nano.a(lib_a-nano-vfprintf.o)
                0x00000000080088c0                _vfprintf_r
                0x00000000080088c0                _vfiprintf_r
 .text._printf_common
                0x0000000008008b34       0xde c:/st/stm32cubeide_1.6.0/stm32cubeide/plugins/com.st.stm32cube.ide.mcu.externaltools.gnu-tools-for-stm32.9-2020-q2-update.win32_1.5.0.202011040924/tools/bin/../lib/gcc/arm-none-eabi/9.3.1/../../../../arm-none-eabi/lib/thumb/v6-m/nofp\libc_nano.a(lib_a-nano-vfprintf_i.o)
                0x0000000008008b34                _printf_common
 *fill*         0x0000000008008c12        0x2 
 .text._printf_i
                0x0000000008008c14      0x224 c:/st/stm32cubeide_1.6.0/stm32cubeide/plugins/com.st.stm32cube.ide.mcu.externaltools.gnu-tools-for-stm32.9-2020-q2-update.win32_1.5.0.202011040924/tools/bin/../lib/gcc/arm-none-eabi/9.3.1/../../../../arm-none-eabi/lib/thumb/v6-m/nofp\libc_nano.a(lib_a-nano-vfprintf_i.o)
                0x0000000008008c14                _printf_i
 .text._read_r  0x0000000008008e38       0x28 c:/st/stm32cubeide_1.6.0/stm32cubeide/plugins/com.st.stm32cube.ide.mcu.externaltools.gnu-tools-for-stm32.9-2020-q2-update.win32_1.5.0.202011040924/tools/bin/../lib/gcc/arm-none-eabi/9.3.1/../../../../arm-none-eabi/lib/thumb/v6-m/nofp\libc_nano.a(lib_a-readr.o)
                0x0000000008008e38                _read_r
 .text._fstat_r
                0x0000000008008e60       0x24 c:/st/stm32cubeide_1.6.0/stm32cubeide/plugins/com.st.stm32cube.ide.mcu.externaltools.gnu-tools-for-stm32.9-2020-q2-update.win32_1.5.0.202011040924/tools/bin/../lib/gcc/arm-none-eabi/9.3.1/../../../../arm-none-eabi/lib/thumb/v6-m/nofp\libc_nano.a(lib_a-fstatr.o)
                0x0000000008008e60                _fstat_r
 .text._isatty_r
                0x0000000008008e84       0x24 c:/st/stm32cubeide_1.6.0/stm32cubeide/plugins/com.st.stm32cube.ide.mcu.externaltools.gnu-tools-for-stm32.9-2020-q2-update.win32_1.5.0.202011040924/tools/bin/../lib/gcc/arm-none-eabi/9.3.1/../../../../arm-none-eabi/lib/thumb/v6-m/nofp\libc_nano.a(lib_a-isattyr.o)
                0x0000000008008e84                _isatty_r
 .text.memchr   0x0000000008008ea8       0x16 c:/st/stm32cubeide_1.6.0/stm32cubeide/plugins/com.st.stm32cube.ide.mcu.externaltools.gnu-tools-for-stm32.9-2020-q2-update.win32_1.5.0.202011040924/tools/bin/../lib/gcc/arm-none-eabi/9.3.1/../../../../arm-none-eabi/lib/thumb/v6-m/nofp\libc_nano.a(lib_a-memchr-stub.o)
                0x0000000008008ea8                memchr
 .text.memmove  0x0000000008008ebe       0x26 c:/st/stm32cubeide_1.6.0/stm32cubeide/plugins/com.st.stm32cube.ide.mcu.externaltools.gnu-tools-for-stm32.9-2020-q2-update.win32_1.5.0.202011040924/tools/bin/../lib/gcc/arm-none-eabi/9.3.1/../../../../arm-none-eabi/lib/thumb/v6-m/nofp\libc_nano.a(lib_a-memmove.o)
                0x0000000008008ebe                memmove
 .text._realloc_r
                0x0000000008008ee4       0x4c c:/st/stm32cubeide_1.6.0/stm32cubeide/plugins/com.st.stm32cube.ide.mcu.externaltools.gnu-tools-for-stm32.9-2020-q2-update.win32_1.5.0.202011040924/tools/bin/../lib/gcc/arm-none-eabi/9.3.1/../../../../arm-none-eabi/lib/thumb/v6-m/nofp\libc_nano.a(lib_a-nano-reallocr.o)
                0x0000000008008ee4                _realloc_r
 .text._malloc_usable_size_r
                0x0000000008008f30       0x10 c:/st/stm32cubeide_1.6.0/stm32cubeide/plugins/com.st.stm32cube.ide.mcu.externaltools.gnu-tools-for-stm32.9-2020-q2-update.win32_1.5.0.202011040924/tools/bin/../lib/gcc/arm-none-eabi/9.3.1/../../../../arm-none-eabi/lib/thumb/v6-m/nofp\libc_nano.a(lib_a-nano-msizer.o)
                0x0000000008008f30                _malloc_usable_size_r
 *(.glue_7)
 .glue_7        0x0000000008008f40        0x0 linker stubs
 *(.glue_7t)
 .glue_7t       0x0000000008008f40        0x0 linker stubs
 *(.eh_frame)
 .eh_frame      0x0000000008008f40        0x0 c:/st/stm32cubeide_1.6.0/stm32cubeide/plugins/com.st.stm32cube.ide.mcu.externaltools.gnu-tools-for-stm32.9-2020-q2-update.win32_1.5.0.202011040924/tools/bin/../lib/gcc/arm-none-eabi/9.3.1/thumb/v6-m/nofp/crtbegin.o
 *(.init)
 .init          0x0000000008008f40        0x4 c:/st/stm32cubeide_1.6.0/stm32cubeide/plugins/com.st.stm32cube.ide.mcu.externaltools.gnu-tools-for-stm32.9-2020-q2-update.win32_1.5.0.202011040924/tools/bin/../lib/gcc/arm-none-eabi/9.3.1/thumb/v6-m/nofp/crti.o
                0x0000000008008f40                _init
 .init          0x0000000008008f44        0x8 c:/st/stm32cubeide_1.6.0/stm32cubeide/plugins/com.st.stm32cube.ide.mcu.externaltools.gnu-tools-for-stm32.9-2020-q2-update.win32_1.5.0.202011040924/tools/bin/../lib/gcc/arm-none-eabi/9.3.1/thumb/v6-m/nofp/crtn.o
 *(.fini)
 .fini          0x0000000008008f4c        0x4 c:/st/stm32cubeide_1.6.0/stm32cubeide/plugins/com.st.stm32cube.ide.mcu.externaltools.gnu-tools-for-stm32.9-2020-q2-update.win32_1.5.0.202011040924/tools/bin/../lib/gcc/arm-none-eabi/9.3.1/thumb/v6-m/nofp/crti.o
                0x0000000008008f4c                _fini
 .fini          0x0000000008008f50        0x8 c:/st/stm32cubeide_1.6.0/stm32cubeide/plugins/com.st.stm32cube.ide.mcu.externaltools.gnu-tools-for-stm32.9-2020-q2-update.win32_1.5.0.202011040924/tools/bin/../lib/gcc/arm-none-eabi/9.3.1/thumb/v6-m/nofp/crtn.o
                0x0000000008008f58                . = ALIGN (0x4)
                0x0000000008008f58                _etext = .

.vfp11_veneer   0x0000000008008f58        0x0
 .vfp11_veneer  0x0000000008008f58        0x0 linker stubs

.v4_bx          0x0000000008008f58        0x0
 .v4_bx         0x0000000008008f58        0x0 linker stubs

.iplt           0x0000000008008f58        0x0
 .iplt          0x0000000008008f58        0x0 c:/st/stm32cubeide_1.6.0/stm32cubeide/plugins/com.st.stm32cube.ide.mcu.externaltools.gnu-tools-for-stm32.9-2020-q2-update.win32_1.5.0.202011040924/tools/bin/../lib/gcc/arm-none-eabi/9.3.1/thumb/v6-m/nofp/crtbegin.o

.rodata         0x0000000008008f58     0x64e8
                0x0000000008008f58                . = ALIGN (0x4)
 *(.rodata)
 .rodata        0x0000000008008f58       0xc6 Core/Src/LibSWD/libswd_cmd.o
 *fill*         0x000000000800901e        0x2 
 .rodata        0x0000000008009020       0x6e Core/Src/LibSWD/libswd_core.o
 *fill*         0x000000000800908e        0x2 
 .rodata        0x0000000008009090      0x9fb Core/Src/LibSWD/libswd_dap.o
 *fill*         0x0000000008009a8b        0x1 
 .rodata        0x0000000008009a8c      0x1d1 Core/Src/LibSWD/libswd_debug.o
 *fill*         0x0000000008009c5d        0x3 
 .rodata        0x0000000008009c60      0x6c0 Core/Src/LibSWD/libswd_drv.o
 .rodata        0x000000000800a320      0xc8d Core/Src/LibSWD/libswd_error.o
 *fill*         0x000000000800afad        0x3 
 .rodata        0x000000000800afb0      0x3da Core/Src/LibSWD/libswd_log.o
 *fill*         0x000000000800b38a        0x2 
 .rodata        0x000000000800b38c      0xa60 Core/Src/LibSWD/libswd_memap.o
 *(.rodata*)
 .rodata.LIBSWD_CMD_SWDPRESET
                0x000000000800bdec        0x9 Core/Src/LibSWD/libswd_cmd.o
 *fill*         0x000000000800bdf5        0x3 
 .rodata.LIBSWD_CMD_JTAG2SWD
                0x000000000800bdf8        0xa Core/Src/LibSWD/libswd_cmd.o
 *fill*         0x000000000800be02        0x2 
 .rodata.libswd_cmd_string_cmdtype
                0x000000000800be04       0x38 Core/Src/LibSWD/libswd_cmd.o
 .rodata.libswd_arm_debug_CPUID
                0x000000000800be3c      0x120 Core/Src/LibSWD/libswd_debug.o
 .rodata.libswd_drv_transmit
                0x000000000800bf5c       0x38 Core/Src/LibSWD/libswd_drv.o
 .rodata.libswd_error_string
                0x000000000800bf94       0xc4 Core/Src/LibSWD/libswd_error.o
 .rodata.libswd_request_string
                0x000000000800c058       0x74 Core/Src/LibSWD/libswd_log.o
 .rodata.program1
                0x000000000800c0cc     0x1960 Core/Src/program1.o
                0x000000000800c0cc                program1
 .rodata.program2
                0x000000000800da2c     0x1960 Core/Src/program2.o
                0x000000000800da2c                program2
 .rodata.AHBPrescTable
                0x000000000800f38c       0x10 Core/Src/system_stm32l0xx.o
                0x000000000800f38c                AHBPrescTable
 .rodata.PLLMulTable
                0x000000000800f39c        0x9 Core/Src/system_stm32l0xx.o
                0x000000000800f39c                PLLMulTable
 *fill*         0x000000000800f3a5        0x3 
 .rodata.__sf_fake_stderr
                0x000000000800f3a8       0x20 c:/st/stm32cubeide_1.6.0/stm32cubeide/plugins/com.st.stm32cube.ide.mcu.externaltools.gnu-tools-for-stm32.9-2020-q2-update.win32_1.5.0.202011040924/tools/bin/../lib/gcc/arm-none-eabi/9.3.1/../../../../arm-none-eabi/lib/thumb/v6-m/nofp\libc_nano.a(lib_a-findfp.o)
                0x000000000800f3a8                __sf_fake_stderr
 .rodata.__sf_fake_stdin
                0x000000000800f3c8       0x20 c:/st/stm32cubeide_1.6.0/stm32cubeide/plugins/com.st.stm32cube.ide.mcu.externaltools.gnu-tools-for-stm32.9-2020-q2-update.win32_1.5.0.202011040924/tools/bin/../lib/gcc/arm-none-eabi/9.3.1/../../../../arm-none-eabi/lib/thumb/v6-m/nofp\libc_nano.a(lib_a-findfp.o)
                0x000000000800f3c8                __sf_fake_stdin
 .rodata.__sf_fake_stdout
                0x000000000800f3e8       0x20 c:/st/stm32cubeide_1.6.0/stm32cubeide/plugins/com.st.stm32cube.ide.mcu.externaltools.gnu-tools-for-stm32.9-2020-q2-update.win32_1.5.0.202011040924/tools/bin/../lib/gcc/arm-none-eabi/9.3.1/../../../../arm-none-eabi/lib/thumb/v6-m/nofp\libc_nano.a(lib_a-findfp.o)
                0x000000000800f3e8                __sf_fake_stdout
 .rodata._global_impure_ptr
                0x000000000800f408        0x4 c:/st/stm32cubeide_1.6.0/stm32cubeide/plugins/com.st.stm32cube.ide.mcu.externaltools.gnu-tools-for-stm32.9-2020-q2-update.win32_1.5.0.202011040924/tools/bin/../lib/gcc/arm-none-eabi/9.3.1/../../../../arm-none-eabi/lib/thumb/v6-m/nofp\libc_nano.a(lib_a-impure.o)
                0x000000000800f408                _global_impure_ptr
 .rodata._svfprintf_r.str1.1
                0x000000000800f40c       0x11 c:/st/stm32cubeide_1.6.0/stm32cubeide/plugins/com.st.stm32cube.ide.mcu.externaltools.gnu-tools-for-stm32.9-2020-q2-update.win32_1.5.0.202011040924/tools/bin/../lib/gcc/arm-none-eabi/9.3.1/../../../../arm-none-eabi/lib/thumb/v6-m/nofp\libc_nano.a(lib_a-nano-svfprintf.o)
 .rodata._vfprintf_r.str1.1
                0x000000000800f41d       0x11 c:/st/stm32cubeide_1.6.0/stm32cubeide/plugins/com.st.stm32cube.ide.mcu.externaltools.gnu-tools-for-stm32.9-2020-q2-update.win32_1.5.0.202011040924/tools/bin/../lib/gcc/arm-none-eabi/9.3.1/../../../../arm-none-eabi/lib/thumb/v6-m/nofp\libc_nano.a(lib_a-nano-vfprintf.o)
 .rodata._printf_i.str1.1
                0x000000000800f41d       0x22 c:/st/stm32cubeide_1.6.0/stm32cubeide/plugins/com.st.stm32cube.ide.mcu.externaltools.gnu-tools-for-stm32.9-2020-q2-update.win32_1.5.0.202011040924/tools/bin/../lib/gcc/arm-none-eabi/9.3.1/../../../../arm-none-eabi/lib/thumb/v6-m/nofp\libc_nano.a(lib_a-nano-vfprintf_i.o)
                0x000000000800f440                . = ALIGN (0x4)
 *fill*         0x000000000800f43f        0x1 

.ARM.extab      0x000000000800f440        0x0
                0x000000000800f440                . = ALIGN (0x4)
 *(.ARM.extab* .gnu.linkonce.armextab.*)
                0x000000000800f440                . = ALIGN (0x4)

.ARM            0x000000000800f440        0x8
                0x000000000800f440                . = ALIGN (0x4)
                0x000000000800f440                __exidx_start = .
 *(.ARM.exidx*)
 .ARM.exidx     0x000000000800f440        0x8 c:/st/stm32cubeide_1.6.0/stm32cubeide/plugins/com.st.stm32cube.ide.mcu.externaltools.gnu-tools-for-stm32.9-2020-q2-update.win32_1.5.0.202011040924/tools/bin/../lib/gcc/arm-none-eabi/9.3.1/thumb/v6-m/nofp\libgcc.a(_udivmoddi4.o)
                0x000000000800f448                __exidx_end = .
                0x000000000800f448                . = ALIGN (0x4)

.rel.dyn        0x000000000800f448        0x0
 .rel.iplt      0x000000000800f448        0x0 c:/st/stm32cubeide_1.6.0/stm32cubeide/plugins/com.st.stm32cube.ide.mcu.externaltools.gnu-tools-for-stm32.9-2020-q2-update.win32_1.5.0.202011040924/tools/bin/../lib/gcc/arm-none-eabi/9.3.1/thumb/v6-m/nofp/crtbegin.o

.preinit_array  0x000000000800f448        0x0
                0x000000000800f448                . = ALIGN (0x4)
                0x000000000800f448                PROVIDE (__preinit_array_start = .)
 *(.preinit_array*)
                0x000000000800f448                PROVIDE (__preinit_array_end = .)
                0x000000000800f448                . = ALIGN (0x4)

.init_array     0x000000000800f448        0x4
                0x000000000800f448                . = ALIGN (0x4)
                0x000000000800f448                PROVIDE (__init_array_start = .)
 *(SORT_BY_NAME(.init_array.*))
 *(.init_array*)
 .init_array    0x000000000800f448        0x4 c:/st/stm32cubeide_1.6.0/stm32cubeide/plugins/com.st.stm32cube.ide.mcu.externaltools.gnu-tools-for-stm32.9-2020-q2-update.win32_1.5.0.202011040924/tools/bin/../lib/gcc/arm-none-eabi/9.3.1/thumb/v6-m/nofp/crtbegin.o
                0x000000000800f44c                PROVIDE (__init_array_end = .)
                0x000000000800f44c                . = ALIGN (0x4)

.fini_array     0x000000000800f44c        0x4
                0x000000000800f44c                . = ALIGN (0x4)
                [!provide]                        PROVIDE (__fini_array_start = .)
 *(SORT_BY_NAME(.fini_array.*))
 *(.fini_array*)
 .fini_array    0x000000000800f44c        0x4 c:/st/stm32cubeide_1.6.0/stm32cubeide/plugins/com.st.stm32cube.ide.mcu.externaltools.gnu-tools-for-stm32.9-2020-q2-update.win32_1.5.0.202011040924/tools/bin/../lib/gcc/arm-none-eabi/9.3.1/thumb/v6-m/nofp/crtbegin.o
                [!provide]                        PROVIDE (__fini_array_end = .)
                0x000000000800f450                . = ALIGN (0x4)
                0x000000000800f450                _sidata = LOADADDR (.data)

.data           0x0000000020000000       0x7c load address 0x000000000800f450
                0x0000000020000000                . = ALIGN (0x4)
                0x0000000020000000                _sdata = .
 *(.data)
 *(.data*)
 .data.main_q_size
                0x0000000020000000        0x4 Core/Src/LibSWD/libswd_cmdq.o
 .data.error_q_size
                0x0000000020000004        0x4 Core/Src/LibSWD/libswd_cmdq.o
 .data.Counter  0x0000000020000008        0x4 Core/Src/main.o
                0x0000000020000008                Counter
 .data.SystemCoreClock
                0x000000002000000c        0x4 Core/Src/system_stm32l0xx.o
                0x000000002000000c                SystemCoreClock
 .data.uwTickPrio
                0x0000000020000010        0x4 Drivers/STM32L0xx_HAL_Driver/Src/stm32l0xx_hal.o
                0x0000000020000010                uwTickPrio
 .data.uwTickFreq
                0x0000000020000014        0x1 Drivers/STM32L0xx_HAL_Driver/Src/stm32l0xx_hal.o
                0x0000000020000014                uwTickFreq
 *fill*         0x0000000020000015        0x3 
 .data._impure_ptr
                0x0000000020000018        0x4 c:/st/stm32cubeide_1.6.0/stm32cubeide/plugins/com.st.stm32cube.ide.mcu.externaltools.gnu-tools-for-stm32.9-2020-q2-update.win32_1.5.0.202011040924/tools/bin/../lib/gcc/arm-none-eabi/9.3.1/../../../../arm-none-eabi/lib/thumb/v6-m/nofp\libc_nano.a(lib_a-impure.o)
                0x0000000020000018                _impure_ptr
 .data.impure_data
                0x000000002000001c       0x60 c:/st/stm32cubeide_1.6.0/stm32cubeide/plugins/com.st.stm32cube.ide.mcu.externaltools.gnu-tools-for-stm32.9-2020-q2-update.win32_1.5.0.202011040924/tools/bin/../lib/gcc/arm-none-eabi/9.3.1/../../../../arm-none-eabi/lib/thumb/v6-m/nofp\libc_nano.a(lib_a-impure.o)
                0x000000002000007c                . = ALIGN (0x4)
                0x000000002000007c                _edata = .

.igot.plt       0x000000002000007c        0x0 load address 0x000000000800f4cc
 .igot.plt      0x000000002000007c        0x0 c:/st/stm32cubeide_1.6.0/stm32cubeide/plugins/com.st.stm32cube.ide.mcu.externaltools.gnu-tools-for-stm32.9-2020-q2-update.win32_1.5.0.202011040924/tools/bin/../lib/gcc/arm-none-eabi/9.3.1/thumb/v6-m/nofp/crtbegin.o
                0x000000002000007c                . = ALIGN (0x4)

.bss            0x000000002000007c      0x378 load address 0x000000000800f4cc
                0x000000002000007c                _sbss = .
                0x000000002000007c                __bss_start__ = _sbss
 *(.bss)
 .bss           0x000000002000007c       0x1c c:/st/stm32cubeide_1.6.0/stm32cubeide/plugins/com.st.stm32cube.ide.mcu.externaltools.gnu-tools-for-stm32.9-2020-q2-update.win32_1.5.0.202011040924/tools/bin/../lib/gcc/arm-none-eabi/9.3.1/thumb/v6-m/nofp/crtbegin.o
 *(.bss*)
 .bss.string.6965
                0x0000000020000098        0x9 Core/Src/LibSWD/libswd_bin.o
 *fill*         0x00000000200000a1        0x3 
 .bss.string.6974
                0x00000000200000a4       0x21 Core/Src/LibSWD/libswd_bin.o
 *fill*         0x00000000200000c5        0x3 
 .bss.main_q    0x00000000200000c8        0x4 Core/Src/LibSWD/libswd_cmdq.o
 .bss.error_q   0x00000000200000cc        0x4 Core/Src/LibSWD/libswd_cmdq.o
 .bss.string.6975
                0x00000000200000d0       0x64 Core/Src/LibSWD/libswd_log.o
 .bss.tmp.6976  0x0000000020000134        0x8 Core/Src/LibSWD/libswd_log.o
 .bss.__sbrk_heap_end
                0x000000002000013c        0x4 Core/Src/sysmem.o
 .bss.__malloc_free_list
                0x0000000020000140        0x4 c:/st/stm32cubeide_1.6.0/stm32cubeide/plugins/com.st.stm32cube.ide.mcu.externaltools.gnu-tools-for-stm32.9-2020-q2-update.win32_1.5.0.202011040924/tools/bin/../lib/gcc/arm-none-eabi/9.3.1/../../../../arm-none-eabi/lib/thumb/v6-m/nofp\libc_nano.a(lib_a-nano-mallocr.o)
                0x0000000020000140                __malloc_free_list
 .bss.__malloc_sbrk_start
                0x0000000020000144        0x4 c:/st/stm32cubeide_1.6.0/stm32cubeide/plugins/com.st.stm32cube.ide.mcu.externaltools.gnu-tools-for-stm32.9-2020-q2-update.win32_1.5.0.202011040924/tools/bin/../lib/gcc/arm-none-eabi/9.3.1/../../../../arm-none-eabi/lib/thumb/v6-m/nofp\libc_nano.a(lib_a-nano-mallocr.o)
                0x0000000020000144                __malloc_sbrk_start
 *(COMMON)
 COMMON         0x0000000020000148      0x258 Core/Src/LibSWD/libswd_core.o
                0x0000000020000148                main_queue
 COMMON         0x00000000200003a0       0x40 Core/Src/main.o
                0x00000000200003a0                htim2
 COMMON         0x00000000200003e0        0x4 Drivers/STM32L0xx_HAL_Driver/Src/stm32l0xx_hal.o
                0x00000000200003e0                uwTick
 COMMON         0x00000000200003e4        0x9 c:/st/stm32cubeide_1.6.0/stm32cubeide/plugins/com.st.stm32cube.ide.mcu.externaltools.gnu-tools-for-stm32.9-2020-q2-update.win32_1.5.0.202011040924/tools/bin/../lib/gcc/arm-none-eabi/9.3.1/../../../../arm-none-eabi/lib/thumb/v6-m/nofp\libc_nano.a(lib_a-lock.o)
                0x00000000200003e4                __lock___atexit_recursive_mutex
                0x00000000200003e5                __lock___arc4random_mutex
                0x00000000200003e6                __lock___env_recursive_mutex
                0x00000000200003e7                __lock___sinit_recursive_mutex
                0x00000000200003e8                __lock___malloc_recursive_mutex
                0x00000000200003e9                __lock___at_quick_exit_mutex
                0x00000000200003ea                __lock___dd_hash_mutex
                0x00000000200003eb                __lock___tz_mutex
                0x00000000200003ec                __lock___sfp_recursive_mutex
 *fill*         0x00000000200003ed        0x3 
 COMMON         0x00000000200003f0        0x4 c:/st/stm32cubeide_1.6.0/stm32cubeide/plugins/com.st.stm32cube.ide.mcu.externaltools.gnu-tools-for-stm32.9-2020-q2-update.win32_1.5.0.202011040924/tools/bin/../lib/gcc/arm-none-eabi/9.3.1/../../../../arm-none-eabi/lib/thumb/v6-m/nofp\libc_nano.a(lib_a-reent.o)
                0x00000000200003f0                errno
                0x00000000200003f4                . = ALIGN (0x4)
                0x00000000200003f4                _ebss = .
                0x00000000200003f4                __bss_end__ = _ebss

._user_heap_stack
                0x00000000200003f4      0x604 load address 0x000000000800f4cc
                0x00000000200003f8                . = ALIGN (0x8)
 *fill*         0x00000000200003f4        0x4 
                [!provide]                        PROVIDE (end = .)
                0x00000000200003f8                PROVIDE (_end = .)
                0x00000000200005f8                . = (. + _Min_Heap_Size)
 *fill*         0x00000000200003f8      0x200 
                0x00000000200009f8                . = (. + _Min_Stack_Size)
 *fill*         0x00000000200005f8      0x400 
                0x00000000200009f8                . = ALIGN (0x8)

/DISCARD/
 libc.a(*)
 libm.a(*)
 libgcc.a(*)

.ARM.attributes
                0x0000000000000000       0x28
 *(.ARM.attributes)
 .ARM.attributes
                0x0000000000000000       0x1e c:/st/stm32cubeide_1.6.0/stm32cubeide/plugins/com.st.stm32cube.ide.mcu.externaltools.gnu-tools-for-stm32.9-2020-q2-update.win32_1.5.0.202011040924/tools/bin/../lib/gcc/arm-none-eabi/9.3.1/thumb/v6-m/nofp/crti.o
 .ARM.attributes
                0x000000000000001e       0x2c c:/st/stm32cubeide_1.6.0/stm32cubeide/plugins/com.st.stm32cube.ide.mcu.externaltools.gnu-tools-for-stm32.9-2020-q2-update.win32_1.5.0.202011040924/tools/bin/../lib/gcc/arm-none-eabi/9.3.1/thumb/v6-m/nofp/crtbegin.o
 .ARM.attributes
                0x000000000000004a       0x2c Core/Src/LibSWD/libswd_bin.o
 .ARM.attributes
                0x0000000000000076       0x2c Core/Src/LibSWD/libswd_bitgen.o
 .ARM.attributes
                0x00000000000000a2       0x2c Core/Src/LibSWD/libswd_bus.o
 .ARM.attributes
                0x00000000000000ce       0x2c Core/Src/LibSWD/libswd_cmd.o
 .ARM.attributes
                0x00000000000000fa       0x2c Core/Src/LibSWD/libswd_cmdq.o
 .ARM.attributes
                0x0000000000000126       0x2c Core/Src/LibSWD/libswd_core.o
 .ARM.attributes
                0x0000000000000152       0x2c Core/Src/LibSWD/libswd_dap.o
 .ARM.attributes
                0x000000000000017e       0x2c Core/Src/LibSWD/libswd_debug.o
 .ARM.attributes
                0x00000000000001aa       0x2c Core/Src/LibSWD/libswd_drv.o
 .ARM.attributes
                0x00000000000001d6       0x2c Core/Src/LibSWD/libswd_error.o
 .ARM.attributes
                0x0000000000000202       0x2c Core/Src/LibSWD/libswd_externs.o
 .ARM.attributes
                0x000000000000022e       0x2c Core/Src/LibSWD/libswd_log.o
 .ARM.attributes
                0x000000000000025a       0x2c Core/Src/LibSWD/libswd_memap.o
 .ARM.attributes
                0x0000000000000286       0x2c Core/Src/main.o
 .ARM.attributes
                0x00000000000002b2       0x32 Core/Src/program1.o
 .ARM.attributes
                0x00000000000002e4       0x32 Core/Src/program2.o
 .ARM.attributes
                0x0000000000000316       0x2c Core/Src/stm32l0.o
 .ARM.attributes
                0x0000000000000342       0x2c Core/Src/stm32l0xx_hal_msp.o
 .ARM.attributes
                0x000000000000036e       0x2c Core/Src/stm32l0xx_it.o
 .ARM.attributes
                0x000000000000039a       0x2c Core/Src/syscalls.o
 .ARM.attributes
                0x00000000000003c6       0x2c Core/Src/sysmem.o
 .ARM.attributes
                0x00000000000003f2       0x2c Core/Src/system_stm32l0xx.o
 .ARM.attributes
                0x000000000000041e       0x22 Core/Startup/startup_stm32l073rztx.o
 .ARM.attributes
                0x0000000000000440       0x2c Drivers/STM32L0xx_HAL_Driver/Src/stm32l0xx_hal.o
 .ARM.attributes
                0x000000000000046c       0x2c Drivers/STM32L0xx_HAL_Driver/Src/stm32l0xx_hal_cortex.o
 .ARM.attributes
                0x0000000000000498       0x2c Drivers/STM32L0xx_HAL_Driver/Src/stm32l0xx_hal_gpio.o
 .ARM.attributes
                0x00000000000004c4       0x2c Drivers/STM32L0xx_HAL_Driver/Src/stm32l0xx_hal_rcc.o
 .ARM.attributes
                0x00000000000004f0       0x2c Drivers/STM32L0xx_HAL_Driver/Src/stm32l0xx_hal_tim.o
 .ARM.attributes
                0x000000000000051c       0x2c Drivers/STM32L0xx_HAL_Driver/Src/stm32l0xx_hal_tim_ex.o
 .ARM.attributes
                0x0000000000000548       0x2c c:/st/stm32cubeide_1.6.0/stm32cubeide/plugins/com.st.stm32cube.ide.mcu.externaltools.gnu-tools-for-stm32.9-2020-q2-update.win32_1.5.0.202011040924/tools/bin/../lib/gcc/arm-none-eabi/9.3.1/../../../../arm-none-eabi/lib/thumb/v6-m/nofp\libc_nano.a(lib_a-calloc.o)
 .ARM.attributes
                0x0000000000000574       0x2c c:/st/stm32cubeide_1.6.0/stm32cubeide/plugins/com.st.stm32cube.ide.mcu.externaltools.gnu-tools-for-stm32.9-2020-q2-update.win32_1.5.0.202011040924/tools/bin/../lib/gcc/arm-none-eabi/9.3.1/../../../../arm-none-eabi/lib/thumb/v6-m/nofp\libc_nano.a(lib_a-errno.o)
 .ARM.attributes
                0x00000000000005a0       0x2c c:/st/stm32cubeide_1.6.0/stm32cubeide/plugins/com.st.stm32cube.ide.mcu.externaltools.gnu-tools-for-stm32.9-2020-q2-update.win32_1.5.0.202011040924/tools/bin/../lib/gcc/arm-none-eabi/9.3.1/../../../../arm-none-eabi/lib/thumb/v6-m/nofp\libc_nano.a(lib_a-fflush.o)
 .ARM.attributes
                0x00000000000005cc       0x2c c:/st/stm32cubeide_1.6.0/stm32cubeide/plugins/com.st.stm32cube.ide.mcu.externaltools.gnu-tools-for-stm32.9-2020-q2-update.win32_1.5.0.202011040924/tools/bin/../lib/gcc/arm-none-eabi/9.3.1/../../../../arm-none-eabi/lib/thumb/v6-m/nofp\libc_nano.a(lib_a-findfp.o)
 .ARM.attributes
                0x00000000000005f8       0x2c c:/st/stm32cubeide_1.6.0/stm32cubeide/plugins/com.st.stm32cube.ide.mcu.externaltools.gnu-tools-for-stm32.9-2020-q2-update.win32_1.5.0.202011040924/tools/bin/../lib/gcc/arm-none-eabi/9.3.1/../../../../arm-none-eabi/lib/thumb/v6-m/nofp\libc_nano.a(lib_a-fwalk.o)
 .ARM.attributes
                0x0000000000000624       0x2c c:/st/stm32cubeide_1.6.0/stm32cubeide/plugins/com.st.stm32cube.ide.mcu.externaltools.gnu-tools-for-stm32.9-2020-q2-update.win32_1.5.0.202011040924/tools/bin/../lib/gcc/arm-none-eabi/9.3.1/../../../../arm-none-eabi/lib/thumb/v6-m/nofp\libc_nano.a(lib_a-impure.o)
 .ARM.attributes
                0x0000000000000650       0x2c c:/st/stm32cubeide_1.6.0/stm32cubeide/plugins/com.st.stm32cube.ide.mcu.externaltools.gnu-tools-for-stm32.9-2020-q2-update.win32_1.5.0.202011040924/tools/bin/../lib/gcc/arm-none-eabi/9.3.1/../../../../arm-none-eabi/lib/thumb/v6-m/nofp\libc_nano.a(lib_a-init.o)
 .ARM.attributes
                0x000000000000067c       0x2c c:/st/stm32cubeide_1.6.0/stm32cubeide/plugins/com.st.stm32cube.ide.mcu.externaltools.gnu-tools-for-stm32.9-2020-q2-update.win32_1.5.0.202011040924/tools/bin/../lib/gcc/arm-none-eabi/9.3.1/../../../../arm-none-eabi/lib/thumb/v6-m/nofp\libc_nano.a(lib_a-lock.o)
 .ARM.attributes
                0x00000000000006a8       0x2c c:/st/stm32cubeide_1.6.0/stm32cubeide/plugins/com.st.stm32cube.ide.mcu.externaltools.gnu-tools-for-stm32.9-2020-q2-update.win32_1.5.0.202011040924/tools/bin/../lib/gcc/arm-none-eabi/9.3.1/../../../../arm-none-eabi/lib/thumb/v6-m/nofp\libc_nano.a(lib_a-malloc.o)
 .ARM.attributes
                0x00000000000006d4       0x2c c:/st/stm32cubeide_1.6.0/stm32cubeide/plugins/com.st.stm32cube.ide.mcu.externaltools.gnu-tools-for-stm32.9-2020-q2-update.win32_1.5.0.202011040924/tools/bin/../lib/gcc/arm-none-eabi/9.3.1/../../../../arm-none-eabi/lib/thumb/v6-m/nofp\libc_nano.a(lib_a-memcpy-stub.o)
 .ARM.attributes
                0x0000000000000700       0x2c c:/st/stm32cubeide_1.6.0/stm32cubeide/plugins/com.st.stm32cube.ide.mcu.externaltools.gnu-tools-for-stm32.9-2020-q2-update.win32_1.5.0.202011040924/tools/bin/../lib/gcc/arm-none-eabi/9.3.1/../../../../arm-none-eabi/lib/thumb/v6-m/nofp\libc_nano.a(lib_a-memset.o)
 .ARM.attributes
                0x000000000000072c       0x2c c:/st/stm32cubeide_1.6.0/stm32cubeide/plugins/com.st.stm32cube.ide.mcu.externaltools.gnu-tools-for-stm32.9-2020-q2-update.win32_1.5.0.202011040924/tools/bin/../lib/gcc/arm-none-eabi/9.3.1/../../../../arm-none-eabi/lib/thumb/v6-m/nofp\libc_nano.a(lib_a-nano-callocr.o)
 .ARM.attributes
                0x0000000000000758       0x2c c:/st/stm32cubeide_1.6.0/stm32cubeide/plugins/com.st.stm32cube.ide.mcu.externaltools.gnu-tools-for-stm32.9-2020-q2-update.win32_1.5.0.202011040924/tools/bin/../lib/gcc/arm-none-eabi/9.3.1/../../../../arm-none-eabi/lib/thumb/v6-m/nofp\libc_nano.a(lib_a-nano-freer.o)
 .ARM.attributes
                0x0000000000000784       0x2c c:/st/stm32cubeide_1.6.0/stm32cubeide/plugins/com.st.stm32cube.ide.mcu.externaltools.gnu-tools-for-stm32.9-2020-q2-update.win32_1.5.0.202011040924/tools/bin/../lib/gcc/arm-none-eabi/9.3.1/../../../../arm-none-eabi/lib/thumb/v6-m/nofp\libc_nano.a(lib_a-nano-mallocr.o)
 .ARM.attributes
                0x00000000000007b0       0x2c c:/st/stm32cubeide_1.6.0/stm32cubeide/plugins/com.st.stm32cube.ide.mcu.externaltools.gnu-tools-for-stm32.9-2020-q2-update.win32_1.5.0.202011040924/tools/bin/../lib/gcc/arm-none-eabi/9.3.1/../../../../arm-none-eabi/lib/thumb/v6-m/nofp\libc_nano.a(lib_a-puts.o)
 .ARM.attributes
                0x00000000000007dc       0x2c c:/st/stm32cubeide_1.6.0/stm32cubeide/plugins/com.st.stm32cube.ide.mcu.externaltools.gnu-tools-for-stm32.9-2020-q2-update.win32_1.5.0.202011040924/tools/bin/../lib/gcc/arm-none-eabi/9.3.1/../../../../arm-none-eabi/lib/thumb/v6-m/nofp\libc_nano.a(lib_a-sbrkr.o)
 .ARM.attributes
                0x0000000000000808       0x2c c:/st/stm32cubeide_1.6.0/stm32cubeide/plugins/com.st.stm32cube.ide.mcu.externaltools.gnu-tools-for-stm32.9-2020-q2-update.win32_1.5.0.202011040924/tools/bin/../lib/gcc/arm-none-eabi/9.3.1/../../../../arm-none-eabi/lib/thumb/v6-m/nofp\libc_nano.a(lib_a-sprintf.o)
 .ARM.attributes
                0x0000000000000834       0x2c c:/st/stm32cubeide_1.6.0/stm32cubeide/plugins/com.st.stm32cube.ide.mcu.externaltools.gnu-tools-for-stm32.9-2020-q2-update.win32_1.5.0.202011040924/tools/bin/../lib/gcc/arm-none-eabi/9.3.1/../../../../arm-none-eabi/lib/thumb/v6-m/nofp\libc_nano.a(lib_a-stdio.o)
 .ARM.attributes
                0x0000000000000860       0x2c c:/st/stm32cubeide_1.6.0/stm32cubeide/plugins/com.st.stm32cube.ide.mcu.externaltools.gnu-tools-for-stm32.9-2020-q2-update.win32_1.5.0.202011040924/tools/bin/../lib/gcc/arm-none-eabi/9.3.1/../../../../arm-none-eabi/lib/thumb/v6-m/nofp\libc_nano.a(lib_a-strcat.o)
 .ARM.attributes
                0x000000000000088c       0x1c c:/st/stm32cubeide_1.6.0/stm32cubeide/plugins/com.st.stm32cube.ide.mcu.externaltools.gnu-tools-for-stm32.9-2020-q2-update.win32_1.5.0.202011040924/tools/bin/../lib/gcc/arm-none-eabi/9.3.1/../../../../arm-none-eabi/lib/thumb/v6-m/nofp\libc_nano.a(lib_a-strlen.o)
 .ARM.attributes
                0x00000000000008a8       0x2c c:/st/stm32cubeide_1.6.0/stm32cubeide/plugins/com.st.stm32cube.ide.mcu.externaltools.gnu-tools-for-stm32.9-2020-q2-update.win32_1.5.0.202011040924/tools/bin/../lib/gcc/arm-none-eabi/9.3.1/../../../../arm-none-eabi/lib/thumb/v6-m/nofp\libc_nano.a(lib_a-vprintf.o)
 .ARM.attributes
                0x00000000000008d4       0x2c c:/st/stm32cubeide_1.6.0/stm32cubeide/plugins/com.st.stm32cube.ide.mcu.externaltools.gnu-tools-for-stm32.9-2020-q2-update.win32_1.5.0.202011040924/tools/bin/../lib/gcc/arm-none-eabi/9.3.1/../../../../arm-none-eabi/lib/thumb/v6-m/nofp\libc_nano.a(lib_a-wbuf.o)
 .ARM.attributes
                0x0000000000000900       0x2c c:/st/stm32cubeide_1.6.0/stm32cubeide/plugins/com.st.stm32cube.ide.mcu.externaltools.gnu-tools-for-stm32.9-2020-q2-update.win32_1.5.0.202011040924/tools/bin/../lib/gcc/arm-none-eabi/9.3.1/../../../../arm-none-eabi/lib/thumb/v6-m/nofp\libc_nano.a(lib_a-writer.o)
 .ARM.attributes
                0x000000000000092c       0x2c c:/st/stm32cubeide_1.6.0/stm32cubeide/plugins/com.st.stm32cube.ide.mcu.externaltools.gnu-tools-for-stm32.9-2020-q2-update.win32_1.5.0.202011040924/tools/bin/../lib/gcc/arm-none-eabi/9.3.1/../../../../arm-none-eabi/lib/thumb/v6-m/nofp\libc_nano.a(lib_a-wsetup.o)
 .ARM.attributes
                0x0000000000000958       0x2c c:/st/stm32cubeide_1.6.0/stm32cubeide/plugins/com.st.stm32cube.ide.mcu.externaltools.gnu-tools-for-stm32.9-2020-q2-update.win32_1.5.0.202011040924/tools/bin/../lib/gcc/arm-none-eabi/9.3.1/../../../../arm-none-eabi/lib/thumb/v6-m/nofp\libc_nano.a(lib_a-closer.o)
 .ARM.attributes
                0x0000000000000984       0x2c c:/st/stm32cubeide_1.6.0/stm32cubeide/plugins/com.st.stm32cube.ide.mcu.externaltools.gnu-tools-for-stm32.9-2020-q2-update.win32_1.5.0.202011040924/tools/bin/../lib/gcc/arm-none-eabi/9.3.1/../../../../arm-none-eabi/lib/thumb/v6-m/nofp\libc_nano.a(lib_a-lseekr.o)
 .ARM.attributes
                0x00000000000009b0       0x2c c:/st/stm32cubeide_1.6.0/stm32cubeide/plugins/com.st.stm32cube.ide.mcu.externaltools.gnu-tools-for-stm32.9-2020-q2-update.win32_1.5.0.202011040924/tools/bin/../lib/gcc/arm-none-eabi/9.3.1/../../../../arm-none-eabi/lib/thumb/v6-m/nofp\libc_nano.a(lib_a-makebuf.o)
 .ARM.attributes
                0x00000000000009dc       0x2c c:/st/stm32cubeide_1.6.0/stm32cubeide/plugins/com.st.stm32cube.ide.mcu.externaltools.gnu-tools-for-stm32.9-2020-q2-update.win32_1.5.0.202011040924/tools/bin/../lib/gcc/arm-none-eabi/9.3.1/../../../../arm-none-eabi/lib/thumb/v6-m/nofp\libc_nano.a(lib_a-mlock.o)
 .ARM.attributes
                0x0000000000000a08       0x2c c:/st/stm32cubeide_1.6.0/stm32cubeide/plugins/com.st.stm32cube.ide.mcu.externaltools.gnu-tools-for-stm32.9-2020-q2-update.win32_1.5.0.202011040924/tools/bin/../lib/gcc/arm-none-eabi/9.3.1/../../../../arm-none-eabi/lib/thumb/v6-m/nofp\libc_nano.a(lib_a-nano-svfprintf.o)
 .ARM.attributes
                0x0000000000000a34       0x2c c:/st/stm32cubeide_1.6.0/stm32cubeide/plugins/com.st.stm32cube.ide.mcu.externaltools.gnu-tools-for-stm32.9-2020-q2-update.win32_1.5.0.202011040924/tools/bin/../lib/gcc/arm-none-eabi/9.3.1/../../../../arm-none-eabi/lib/thumb/v6-m/nofp\libc_nano.a(lib_a-nano-vfprintf.o)
 .ARM.attributes
                0x0000000000000a60       0x2c c:/st/stm32cubeide_1.6.0/stm32cubeide/plugins/com.st.stm32cube.ide.mcu.externaltools.gnu-tools-for-stm32.9-2020-q2-update.win32_1.5.0.202011040924/tools/bin/../lib/gcc/arm-none-eabi/9.3.1/../../../../arm-none-eabi/lib/thumb/v6-m/nofp\libc_nano.a(lib_a-nano-vfprintf_i.o)
 .ARM.attributes
                0x0000000000000a8c       0x2c c:/st/stm32cubeide_1.6.0/stm32cubeide/plugins/com.st.stm32cube.ide.mcu.externaltools.gnu-tools-for-stm32.9-2020-q2-update.win32_1.5.0.202011040924/tools/bin/../lib/gcc/arm-none-eabi/9.3.1/../../../../arm-none-eabi/lib/thumb/v6-m/nofp\libc_nano.a(lib_a-readr.o)
 .ARM.attributes
                0x0000000000000ab8       0x2c c:/st/stm32cubeide_1.6.0/stm32cubeide/plugins/com.st.stm32cube.ide.mcu.externaltools.gnu-tools-for-stm32.9-2020-q2-update.win32_1.5.0.202011040924/tools/bin/../lib/gcc/arm-none-eabi/9.3.1/../../../../arm-none-eabi/lib/thumb/v6-m/nofp\libc_nano.a(lib_a-reent.o)
 .ARM.attributes
                0x0000000000000ae4       0x2c c:/st/stm32cubeide_1.6.0/stm32cubeide/plugins/com.st.stm32cube.ide.mcu.externaltools.gnu-tools-for-stm32.9-2020-q2-update.win32_1.5.0.202011040924/tools/bin/../lib/gcc/arm-none-eabi/9.3.1/../../../../arm-none-eabi/lib/thumb/v6-m/nofp\libc_nano.a(lib_a-fstatr.o)
 .ARM.attributes
                0x0000000000000b10       0x2c c:/st/stm32cubeide_1.6.0/stm32cubeide/plugins/com.st.stm32cube.ide.mcu.externaltools.gnu-tools-for-stm32.9-2020-q2-update.win32_1.5.0.202011040924/tools/bin/../lib/gcc/arm-none-eabi/9.3.1/../../../../arm-none-eabi/lib/thumb/v6-m/nofp\libc_nano.a(lib_a-isattyr.o)
 .ARM.attributes
                0x0000000000000b3c       0x2c c:/st/stm32cubeide_1.6.0/stm32cubeide/plugins/com.st.stm32cube.ide.mcu.externaltools.gnu-tools-for-stm32.9-2020-q2-update.win32_1.5.0.202011040924/tools/bin/../lib/gcc/arm-none-eabi/9.3.1/../../../../arm-none-eabi/lib/thumb/v6-m/nofp\libc_nano.a(lib_a-memchr-stub.o)
 .ARM.attributes
                0x0000000000000b68       0x2c c:/st/stm32cubeide_1.6.0/stm32cubeide/plugins/com.st.stm32cube.ide.mcu.externaltools.gnu-tools-for-stm32.9-2020-q2-update.win32_1.5.0.202011040924/tools/bin/../lib/gcc/arm-none-eabi/9.3.1/../../../../arm-none-eabi/lib/thumb/v6-m/nofp\libc_nano.a(lib_a-memmove.o)
 .ARM.attributes
                0x0000000000000b94       0x2c c:/st/stm32cubeide_1.6.0/stm32cubeide/plugins/com.st.stm32cube.ide.mcu.externaltools.gnu-tools-for-stm32.9-2020-q2-update.win32_1.5.0.202011040924/tools/bin/../lib/gcc/arm-none-eabi/9.3.1/../../../../arm-none-eabi/lib/thumb/v6-m/nofp\libc_nano.a(lib_a-nano-reallocr.o)
 .ARM.attributes
                0x0000000000000bc0       0x2c c:/st/stm32cubeide_1.6.0/stm32cubeide/plugins/com.st.stm32cube.ide.mcu.externaltools.gnu-tools-for-stm32.9-2020-q2-update.win32_1.5.0.202011040924/tools/bin/../lib/gcc/arm-none-eabi/9.3.1/../../../../arm-none-eabi/lib/thumb/v6-m/nofp\libc_nano.a(lib_a-nano-msizer.o)
 .ARM.attributes
                0x0000000000000bec       0x1e c:/st/stm32cubeide_1.6.0/stm32cubeide/plugins/com.st.stm32cube.ide.mcu.externaltools.gnu-tools-for-stm32.9-2020-q2-update.win32_1.5.0.202011040924/tools/bin/../lib/gcc/arm-none-eabi/9.3.1/thumb/v6-m/nofp\libgcc.a(_thumb1_case_shi.o)
 .ARM.attributes
                0x0000000000000c0a       0x1e c:/st/stm32cubeide_1.6.0/stm32cubeide/plugins/com.st.stm32cube.ide.mcu.externaltools.gnu-tools-for-stm32.9-2020-q2-update.win32_1.5.0.202011040924/tools/bin/../lib/gcc/arm-none-eabi/9.3.1/thumb/v6-m/nofp\libgcc.a(_udivsi3.o)
 .ARM.attributes