libswd_cmd.c:57:5:libswd_cmd_enqueue	24	static
libswd_cmd.c:73:5:libswd_cmd_enqueue_mosi_request	48	static
libswd_cmd.c:93:5:libswd_cmd_enqueue_mosi_trn	48	static
libswd_cmd.c:113:5:libswd_cmd_enqueue_miso_trn	48	static
libswd_cmd.c:140:5:libswd_cmd_enqueue_miso_nbit	72	static
libswd_cmd.c:195:5:libswd_cmd_enqueue_mosi_nbit	72	static
libswd_cmd.c:248:5:libswd_cmd_enqueue_mosi_parity	48	static
libswd_cmd.c:273:5:libswd_cmd_enqueue_miso_parity	48	static
libswd_cmd.c:293:5:libswd_cmd_enqueue_miso_data	48	static
libswd_cmd.c:314:5:libswd_cmd_enqueue_miso_data_p	32	static
libswd_cmd.c:344:5:libswd_cmd_enqueue_miso_n_data_p	40	static
libswd_cmd.c:371:5:libswd_cmd_enqueue_mosi_data	48	static
libswd_cmd.c:391:5:libswd_cmd_enqueue_mosi_data_ap	32	static
libswd_cmd.c:427:5:libswd_cmd_enqueue_mosi_data_p	32	static
libswd_cmd.c:457:5:libswd_cmd_enqueue_mosi_n_data_ap	40	static
libswd_cmd.c:492:5:libswd_cmd_enqueue_mosi_n_data_p	40	static
libswd_cmd.c:524:5:libswd_cmd_enqueue_miso_ack	48	static
libswd_cmd.c:547:5:libswd_cmd_enqueue_mosi_control	72	static
libswd_cmd.c:595:5:libswd_cmd_enqueue_mosi_dap_reset	16	static
libswd_cmd.c:603:5:libswd_cmd_enqueue_mosi_idle	16	static
libswd_cmd.c:611:5:libswd_cmd_enqueue_mosi_jtag2swd	16	static
libswd_cmd.c:619:5:libswd_cmd_enqueue_mosi_swd2jtag	16	static
libswd_cmd.c:627:7:libswd_cmd_string_cmdtype	16	static
